 pthread_dll

 Timestamp is 5bbb504f (Mon Oct  8 20:40:47 2018)

 Preferred load address is 0000000180000000

 Start         Length     Name                   Class
 0001:00000000 0000d7a0H .text$mn                CODE
 0001:0000d7a0 00000020H .text$mn$00             CODE
 0001:0000d7c0 00000280H .text$x                 CODE
 0002:00000000 000002d8H .idata$5                DATA
 0002:000002d8 00000010H .00cfg                  DATA
 0002:000002e8 00000008H .CRT$XCA                DATA
 0002:000002f0 00000008H .CRT$XCZ                DATA
 0002:000002f8 00000008H .CRT$XIA                DATA
 0002:00000300 00000008H .CRT$XIZ                DATA
 0002:00000308 00000008H .CRT$XPA                DATA
 0002:00000310 00000008H .CRT$XPZ                DATA
 0002:00000318 00000008H .CRT$XTA                DATA
 0002:00000320 00000010H .CRT$XTZ                DATA
 0002:00000328 00000000H .gfids$y                DATA
 0002:00000330 000024d0H .rdata                  DATA
 0002:00002800 000002b0H .rdata$zzzdbg           DATA
 0002:00002ab0 00000008H .rtc$IAA                DATA
 0002:00002ab8 00000008H .rtc$IZZ                DATA
 0002:00002ac0 00000008H .rtc$TAA                DATA
 0002:00002ac8 00000008H .rtc$TZZ                DATA
 0002:00002ad0 000007a0H .xdata                  DATA
 0002:00003270 00001134H .edata                  DATA
 0002:000043a4 0000003cH .idata$2                DATA
 0002:000043e0 00000018H .idata$3                DATA
 0002:000043f8 000002d8H .idata$4                DATA
 0002:000046d0 000006aaH .idata$6                DATA
 0003:00000000 00000090H .data                   DATA
 0003:00000090 000006a0H .bss                    DATA
 0004:00000000 00000cc0H .pdata                  DATA
 0005:00000000 000000a0H .rsrc$01                DATA
 0005:000000a0 00000540H .rsrc$02                DATA

  Address         Publics by Value              Rva+Base               Lib:Object

 0000:00000000       ___safe_se_handler_table   0000000000000000     <absolute>
 0000:00000000       __dynamic_value_reloc_table 0000000000000000     <absolute>
 0000:00000000       __guard_longjmp_table      0000000000000000     <absolute>
 0000:00000000       __volatile_metadata        0000000000000000     <absolute>
 0000:00000000       __hybrid_code_map_count    0000000000000000     <absolute>
 0000:00000000       __hybrid_code_map          0000000000000000     <absolute>
 0000:00000000       __guard_fids_count         0000000000000000     <absolute>
 0000:00000000       __hybrid_auxiliary_iat     0000000000000000     <absolute>
 0000:00000000       __enclave_config           0000000000000000     <absolute>
 0000:00000000       __guard_fids_table         0000000000000000     <absolute>
 0000:00000000       __guard_iat_count          0000000000000000     <absolute>
 0000:00000000       __guard_iat_table          0000000000000000     <absolute>
 0000:00000000       ___safe_se_handler_count   0000000000000000     <absolute>
 0000:00000000       __guard_longjmp_count      0000000000000000     <absolute>
 0000:00000100       __guard_flags              0000000000000100     <absolute>
 0000:00000000       __ImageBase                0000000180000000     <linker-defined>
 0001:00000000       ptw32_pop_cleanup          0000000180001000 f   cleanup.obj
 0001:00000080       ptw32_push_cleanup         0000000180001080 f   cleanup.obj
 0001:000000f0       pthread_create             00000001800010f0 f   create.obj
 0001:00000480       DllMain                    0000000180001480 f   dll.obj
 0001:00000510       pthread_attr_destroy       0000000180001510 f   pthread_attr_destroy.obj
 0001:00000580       pthread_attr_getdetachstate 0000000180001580 f   pthread_attr_getdetachstate.obj
 0001:000005e0       pthread_attr_getinheritsched 00000001800015e0 f   pthread_attr_getinheritsched.obj
 0001:00000640       pthread_attr_getschedparam 0000000180001640 f   pthread_attr_getschedparam.obj
 0001:000006a0       pthread_attr_getschedpolicy 00000001800016a0 f   pthread_attr_getschedpolicy.obj
 0001:00000700       pthread_attr_getscope      0000000180001700 f   pthread_attr_getscope.obj
 0001:00000730       pthread_attr_getstackaddr  0000000180001730 f   pthread_attr_getstackaddr.obj
 0001:00000790       pthread_attr_getstacksize  0000000180001790 f   pthread_attr_getstacksize.obj
 0001:000007f0       pthread_attr_init          00000001800017f0 f   pthread_attr_init.obj
 0001:000008b0       pthread_attr_setdetachstate 00000001800018b0 f   pthread_attr_setdetachstate.obj
 0001:00000920       pthread_attr_setinheritsched 0000000180001920 f   pthread_attr_setinheritsched.obj
 0001:00000990       pthread_attr_setschedparam 0000000180001990 f   pthread_attr_setschedparam.obj
 0001:00000a20       pthread_attr_setschedpolicy 0000000180001a20 f   pthread_attr_setschedpolicy.obj
 0001:00000a70       pthread_attr_setscope      0000000180001a70 f   pthread_attr_setscope.obj
 0001:00000ad0       pthread_attr_setstackaddr  0000000180001ad0 f   pthread_attr_setstackaddr.obj
 0001:00000b30       pthread_attr_setstacksize  0000000180001b30 f   pthread_attr_setstacksize.obj
 0001:00000b90       pthread_barrier_destroy    0000000180001b90 f   pthread_barrier_destroy.obj
 0001:00000cd0       pthread_barrier_init       0000000180001cd0 f   pthread_barrier_init.obj
 0001:00000de0       pthread_barrier_wait       0000000180001de0 f   pthread_barrier_wait.obj
 0001:00000f40       pthread_mutexattr_destroy  0000000180001f40 f   pthread_mutexattr_destroy.obj
 0001:00000f40       pthread_barrierattr_destroy 0000000180001f40 f   pthread_barrierattr_destroy.obj
 0001:00000f40       pthread_rwlockattr_destroy 0000000180001f40 f   pthread_rwlockattr_destroy.obj
 0001:00000fc0       pthread_rwlockattr_getpshared 0000000180001fc0 f   pthread_rwlockattr_getpshared.obj
 0001:00000fc0       pthread_mutexattr_getpshared 0000000180001fc0 f   pthread_mutexattr_getpshared.obj
 0001:00000fc0       pthread_condattr_getpshared 0000000180001fc0 f   pthread_condattr_getpshared.obj
 0001:00000fc0       pthread_barrierattr_getpshared 0000000180001fc0 f   pthread_barrierattr_getpshared.obj
 0001:00001030       pthread_barrierattr_init   0000000180002030 f   pthread_barrierattr_init.obj
 0001:000010a0       pthread_barrierattr_setpshared 00000001800020a0 f   pthread_barrierattr_setpshared.obj
 0001:000010a0       pthread_rwlockattr_setpshared 00000001800020a0 f   pthread_rwlockattr_setpshared.obj
 0001:000010a0       pthread_mutexattr_setpshared 00000001800020a0 f   pthread_mutexattr_setpshared.obj
 0001:000010a0       pthread_condattr_setpshared 00000001800020a0 f   pthread_condattr_setpshared.obj
 0001:00001180       ptw32_RegisterCancellation 0000000180002180 f   pthread_cancel.obj
 0001:00001230       pthread_cancel             0000000180002230 f   pthread_cancel.obj
 0001:00001500       pthread_cond_destroy       0000000180002500 f   pthread_cond_destroy.obj
 0001:00001800       pthread_cond_init          0000000180002800 f   pthread_cond_init.obj
 0001:00001c60       pthread_cond_signal        0000000180002c60 f   pthread_cond_signal.obj
 0001:00001c90       pthread_cond_broadcast     0000000180002c90 f   pthread_cond_signal.obj
 0001:00002020       pthread_cond_wait          0000000180003020 f   pthread_cond_wait.obj
 0001:00002060       pthread_cond_timedwait     0000000180003060 f   pthread_cond_wait.obj
 0001:000020c0       pthread_condattr_destroy   00000001800030c0 f   pthread_condattr_destroy.obj
 0001:00002130       pthread_condattr_init      0000000180003130 f   pthread_condattr_init.obj
 0001:000021a0       pthread_delay_np           00000001800031a0 f   pthread_delay_np.obj
 0001:00002370       pthread_detach             0000000180003370 f   pthread_detach.obj
 0001:000024d0       pthread_equal              00000001800034d0 f   pthread_equal.obj
 0001:00002540       pthread_exit               0000000180003540 f   pthread_exit.obj
 0001:000025a0       pthread_getconcurrency     00000001800035a0 f   pthread_getconcurrency.obj
 0001:000025b0       pthread_getschedparam      00000001800035b0 f   pthread_getschedparam.obj
 0001:00002650       pthread_getspecific        0000000180003650 f   pthread_getspecific.obj
 0001:000026c0       pthread_getunique_np       00000001800036c0 f   pthread_getunique_np.obj
 0001:000026e0       pthread_getw32threadhandle_np 00000001800036e0 f   pthread_getw32threadhandle_np.obj
 0001:00002700       pthread_getw32threadid_np  0000000180003700 f   pthread_getw32threadhandle_np.obj
 0001:00002720       pthread_join               0000000180003720 f   pthread_join.obj
 0001:000028e0       pthread_key_create         00000001800038e0 f   pthread_key_create.obj
 0001:000029b0       pthread_key_delete         00000001800039b0 f   pthread_key_delete.obj
 0001:00002b20       pthread_kill               0000000180003b20 f   pthread_kill.obj
 0001:00002be0       ptw32_robust_mutex_inherit 0000000180003be0 f   pthread_mutex_consistent.obj
 0001:00002c80       ptw32_robust_mutex_add     0000000180003c80 f   pthread_mutex_consistent.obj
 0001:00002d60       ptw32_robust_mutex_remove  0000000180003d60 f   pthread_mutex_consistent.obj
 0001:00002e30       pthread_mutex_consistent   0000000180003e30 f   pthread_mutex_consistent.obj
 0001:00002ec0       pthread_mutex_destroy      0000000180003ec0 f   pthread_mutex_destroy.obj
 0001:00003080       pthread_mutex_init         0000000180004080 f   pthread_mutex_init.obj
 0001:00003250       pthread_mutex_lock         0000000180004250 f   pthread_mutex_lock.obj
 0001:00003820       pthread_mutex_timedlock    0000000180004820 f   pthread_mutex_timedlock.obj
 0001:00003da0       pthread_mutex_trylock      0000000180004da0 f   pthread_mutex_trylock.obj
 0001:000040d0       pthread_mutex_unlock       00000001800050d0 f   pthread_mutex_unlock.obj
 0001:000043e0       pthread_mutexattr_getkind_np 00000001800053e0 f   pthread_mutexattr_getkind_np.obj
 0001:00004420       pthread_mutexattr_getrobust 0000000180005420 f   pthread_mutexattr_getrobust.obj
 0001:00004490       pthread_mutexattr_gettype  0000000180005490 f   pthread_mutexattr_gettype.obj
 0001:00004500       pthread_mutexattr_init     0000000180005500 f   pthread_mutexattr_init.obj
 0001:00004590       pthread_mutexattr_setkind_np 0000000180005590 f   pthread_mutexattr_setkind_np.obj
 0001:000045d0       pthread_mutexattr_setrobust 00000001800055d0 f   pthread_mutexattr_setrobust.obj
 0001:00004650       pthread_mutexattr_settype  0000000180005650 f   pthread_mutexattr_settype.obj
 0001:000046d0       pthread_num_processors_np  00000001800056d0 f   pthread_num_processors_np.obj
 0001:00004760       pthread_once               0000000180005760 f   pthread_once.obj
 0001:00004850       pthread_rwlock_destroy     0000000180005850 f   pthread_rwlock_destroy.obj
 0001:00004ae0       pthread_rwlock_init        0000000180005ae0 f   pthread_rwlock_init.obj
 0001:00004c50       pthread_rwlock_rdlock      0000000180005c50 f   pthread_rwlock_rdlock.obj
 0001:00004dc0       pthread_rwlock_timedrdlock 0000000180005dc0 f   pthread_rwlock_timedrdlock.obj
 0001:00004f60       pthread_rwlock_timedwrlock 0000000180005f60 f   pthread_rwlock_timedwrlock.obj
 0001:000051b0       pthread_rwlock_tryrdlock   00000001800061b0 f   pthread_rwlock_tryrdlock.obj
 0001:00005320       pthread_rwlock_trywrlock   0000000180006320 f   pthread_rwlock_trywrlock.obj
 0001:000054e0       pthread_rwlock_unlock      00000001800064e0 f   pthread_rwlock_unlock.obj
 0001:00005630       pthread_rwlock_wrlock      0000000180006630 f   pthread_rwlock_wrlock.obj
 0001:00005860       pthread_rwlockattr_init    0000000180006860 f   pthread_rwlockattr_init.obj
 0001:000058d0       pthread_self               00000001800068d0 f   pthread_self.obj
 0001:00005c10       pthread_setaffinity_np     0000000180006c10 f   pthread_setaffinity.obj
 0001:00005d90       pthread_getaffinity_np     0000000180006d90 f   pthread_setaffinity.obj
 0001:00005ee0       pthread_setcancelstate     0000000180006ee0 f   pthread_setcancelstate.obj
 0001:00006060       pthread_setcanceltype      0000000180007060 f   pthread_setcanceltype.obj
 0001:000061e0       pthread_setconcurrency     00000001800071e0 f   pthread_setconcurrency.obj
 0001:00006210       pthread_setschedparam      0000000180007210 f   pthread_setschedparam.obj
 0001:000062c0       ptw32_setthreadpriority    00000001800072c0 f   pthread_setschedparam.obj
 0001:000063e0       pthread_setspecific        00000001800073e0 f   pthread_setspecific.obj
 0001:00006620       pthread_spin_destroy       0000000180007620 f   pthread_spin_destroy.obj
 0001:00006760       pthread_spin_init          0000000180007760 f   pthread_spin_init.obj
 0001:000068d0       pthread_spin_lock          00000001800078d0 f   pthread_spin_lock.obj
 0001:000069a0       pthread_spin_trylock       00000001800079a0 f   pthread_spin_trylock.obj
 0001:00006a80       pthread_spin_unlock        0000000180007a80 f   pthread_spin_unlock.obj
 0001:00006b40       pthread_testcancel         0000000180007b40 f   pthread_testcancel.obj
 0001:00006c40       pthread_timechange_handler_np 0000000180007c40 f   pthread_timechange_handler_np.obj
 0001:00006d10       pthread_timedjoin_np       0000000180007d10 f   pthread_timedjoin_np.obj
 0001:00006f10       pthread_tryjoin_np         0000000180007f10 f   pthread_tryjoin_np.obj
 0001:000070f0       pthread_win32_process_attach_np 00000001800080f0 f   pthread_win32_attach_detach_np.obj
 0001:000072a0       pthread_win32_process_detach_np 00000001800082a0 f   pthread_win32_attach_detach_np.obj
 0001:00007380       pthread_win32_thread_attach_np 0000000180008380 f   pthread_win32_attach_detach_np.obj
 0001:00007390       pthread_win32_thread_detach_np 0000000180008390 f   pthread_win32_attach_detach_np.obj
 0001:000074f0       pthread_win32_test_features_np 00000001800084f0 f   pthread_win32_attach_detach_np.obj
 0001:00007540       ptw32_callUserDestroyRoutines 0000000180008540 f   ptw32_callUserDestroyRoutines.obj
 0001:00007760       ptw32_cond_check_need_init 0000000180008760 f   ptw32_cond_check_need_init.obj
 0001:00007800       ptw32_getprocessors        0000000180008800 f   ptw32_getprocessors.obj
 0001:000078d0       ptw32_is_attr              00000001800088d0 f   ptw32_is_attr.obj
 0001:00007930       ptw32_mcs_flag_set         0000000180008930 f   ptw32_MCS_lock.obj
 0001:00007990       ptw32_mcs_flag_wait        0000000180008990 f   ptw32_MCS_lock.obj
 0001:00007a20       ptw32_mcs_lock_acquire     0000000180008a20 f   ptw32_MCS_lock.obj
 0001:00007ad0       ptw32_mcs_lock_release     0000000180008ad0 f   ptw32_MCS_lock.obj
 0001:00007b80       ptw32_mcs_lock_try_acquire 0000000180008b80 f   ptw32_MCS_lock.obj
 0001:00007c20       ptw32_mcs_node_transfer    0000000180008c20 f   ptw32_MCS_lock.obj
 0001:00007cd0       ptw32_mutex_check_need_init 0000000180008cd0 f   ptw32_mutex_check_need_init.obj
 0001:00007dc0       ptw32_new                  0000000180008dc0 f   ptw32_new.obj
 0001:00007ff0       ptw32_processInitialize    0000000180008ff0 f   ptw32_processInitialize.obj
 0001:00008060       ptw32_processTerminate     0000000180009060 f   ptw32_processTerminate.obj
 0001:00008160       ptw32_relmillisecs         0000000180009160 f   ptw32_relmillisecs.obj
 0001:000082a0       ptw32_threadReusePop       00000001800092a0 f   ptw32_reuse.obj
 0001:000083a0       ptw32_threadReusePush      00000001800093a0 f   ptw32_reuse.obj
 0001:000084b0       ptw32_rwlock_cancelwrwait  00000001800094b0 f   ptw32_rwlock_cancelwrwait.obj
 0001:00008520       ptw32_rwlock_check_need_init 0000000180009520 f   ptw32_rwlock_check_need_init.obj
 0001:000085c0       ptw32_semwait              00000001800095c0 f   ptw32_semwait.obj
 0001:000086d0       ptw32_spinlock_check_need_init 00000001800096d0 f   ptw32_spinlock_check_need_init.obj
 0001:00008770       ptw32_threadDestroy        0000000180009770 f   ptw32_threadDestroy.obj
 0001:00008970       ptw32_threadStart          0000000180009970 f   ptw32_threadStart.obj
 0001:00008b70       ptw32_throw                0000000180009b70 f   ptw32_throw.obj
 0001:00008cc0       ptw32_pop_cleanup_all      0000000180009cc0 f   ptw32_throw.obj
 0001:00008d00       ptw32_get_exception_services_code 0000000180009d00 f   ptw32_throw.obj
 0001:00008d10       ptw32_tkAssocCreate        0000000180009d10 f   ptw32_tkAssocCreate.obj
 0001:00008e20       ptw32_tkAssocDestroy       0000000180009e20 f   ptw32_tkAssocDestroy.obj
 0001:00008f60       sched_get_priority_max     0000000180009f60 f   sched_get_priority_max.obj
 0001:00008fb0       sched_get_priority_min     0000000180009fb0 f   sched_get_priority_min.obj
 0001:00009000       sched_getscheduler         000000018000a000 f   sched_getscheduler.obj
 0001:000090b0       sched_setaffinity          000000018000a0b0 f   sched_setaffinity.obj
 0001:00009250       sched_getaffinity          000000018000a250 f   sched_setaffinity.obj
 0001:00009380       _sched_affinitycpucount    000000018000a380 f   sched_setaffinity.obj
 0001:000093f0       _sched_affinitycpuzero     000000018000a3f0 f   sched_setaffinity.obj
 0001:00009410       _sched_affinitycpuset      000000018000a410 f   sched_setaffinity.obj
 0001:00009470       _sched_affinitycpuclr      000000018000a470 f   sched_setaffinity.obj
 0001:000094d0       _sched_affinitycpuisset    000000018000a4d0 f   sched_setaffinity.obj
 0001:00009540       _sched_affinitycpuand      000000018000a540 f   sched_setaffinity.obj
 0001:00009570       _sched_affinitycpuor       000000018000a570 f   sched_setaffinity.obj
 0001:000095a0       _sched_affinitycpuxor      000000018000a5a0 f   sched_setaffinity.obj
 0001:000095d0       _sched_affinitycpuequal    000000018000a5d0 f   sched_setaffinity.obj
 0001:00009620       sched_setscheduler         000000018000a620 f   sched_setscheduler.obj
 0001:000096e0       sched_yield                000000018000a6e0 f   sched_yield.obj
 0001:00009710       sem_unlink                 000000018000a710 f   sem_unlink.obj
 0001:00009710       sem_close                  000000018000a710 f   sem_close.obj
 0001:00009750       sem_destroy                000000018000a750 f   sem_destroy.obj
 0001:00009890       sem_getvalue               000000018000a890 f   sem_getvalue.obj
 0001:00009960       sem_init                   000000018000a960 f   sem_init.obj
 0001:00009aa0       sem_open                   000000018000aaa0 f   sem_open.obj
 0001:00009af0       sem_post                   000000018000aaf0 f   sem_post.obj
 0001:00009c20       sem_post_multiple          000000018000ac20 f   sem_post_multiple.obj
 0001:00009e30       sem_timedwait              000000018000ae30 f   sem_timedwait.obj
 0001:00009ff0       sem_trywait                000000018000aff0 f   sem_trywait.obj
 0001:0000a170       sem_wait                   000000018000b170 f   sem_wait.obj
 0001:0000a4d0       pthreadCancelableWait      000000018000b4d0 f   w32_CancelableWait.obj
 0001:0000a510       pthreadCancelableTimedWait 000000018000b510 f   w32_CancelableWait.obj
 0001:0000a546       SetThreadAffinityMask      000000018000b546 f   kernel32:KERNEL32.dll
 0001:0000a54c       ResumeThread               000000018000b54c f   kernel32:KERNEL32.dll
 0001:0000a552       WaitForSingleObject        000000018000b552 f   kernel32:KERNEL32.dll
 0001:0000a558       SuspendThread              000000018000b558 f   kernel32:KERNEL32.dll
 0001:0000a55e       SetEvent                   000000018000b55e f   kernel32:KERNEL32.dll
 0001:0000a564       GetThreadContext           000000018000b564 f   kernel32:KERNEL32.dll
 0001:0000a56a       SetThreadContext           000000018000b56a f   kernel32:KERNEL32.dll
 0001:0000a570       Sleep                      000000018000b570 f   kernel32:KERNEL32.dll
 0001:0000a576       SetLastError               000000018000b576 f   kernel32:KERNEL32.dll
 0001:0000a57c       GetLastError               000000018000b57c f   kernel32:KERNEL32.dll
 0001:0000a582       TlsGetValue                000000018000b582 f   kernel32:KERNEL32.dll
 0001:0000a588       TlsAlloc                   000000018000b588 f   kernel32:KERNEL32.dll
 0001:0000a58e       TlsFree                    000000018000b58e f   kernel32:KERNEL32.dll
 0001:0000a594       CloseHandle                000000018000b594 f   kernel32:KERNEL32.dll
 0001:0000a59a       CreateEventW               000000018000b59a f   kernel32:KERNEL32.dll
 0001:0000a5a0       GetCurrentProcess          000000018000b5a0 f   kernel32:KERNEL32.dll
 0001:0000a5a6       GetProcessAffinityMask     000000018000b5a6 f   kernel32:KERNEL32.dll
 0001:0000a5ac       GetCurrentThreadId         000000018000b5ac f   kernel32:KERNEL32.dll
 0001:0000a5b2       DuplicateHandle            000000018000b5b2 f   kernel32:KERNEL32.dll
 0001:0000a5b8       GetCurrentThread           000000018000b5b8 f   kernel32:KERNEL32.dll
 0001:0000a5be       GetThreadPriority          000000018000b5be f   kernel32:KERNEL32.dll
 0001:0000a5c4       ResetEvent                 000000018000b5c4 f   kernel32:KERNEL32.dll
 0001:0000a5ca       SetThreadPriority          000000018000b5ca f   kernel32:KERNEL32.dll
 0001:0000a5d0       TlsSetValue                000000018000b5d0 f   kernel32:KERNEL32.dll
 0001:0000a5d6       GetSystemDirectoryW        000000018000b5d6 f   kernel32:KERNEL32.dll
 0001:0000a5dc       LoadLibraryW               000000018000b5dc f   kernel32:KERNEL32.dll
 0001:0000a5e2       GetProcAddress             000000018000b5e2 f   kernel32:KERNEL32.dll
 0001:0000a5e8       FreeLibrary                000000018000b5e8 f   kernel32:KERNEL32.dll
 0001:0000a5ee       RaiseException             000000018000b5ee f   kernel32:KERNEL32.dll
 0001:0000a5f4       OpenProcess                000000018000b5f4 f   kernel32:KERNEL32.dll
 0001:0000a5fa       GetCurrentProcessId        000000018000b5fa f   kernel32:KERNEL32.dll
 0001:0000a600       SetProcessAffinityMask     000000018000b600 f   kernel32:KERNEL32.dll
 0001:0000a606       CreateSemaphoreW           000000018000b606 f   kernel32:KERNEL32.dll
 0001:0000a60c       ReleaseSemaphore           000000018000b60c f   kernel32:KERNEL32.dll
 0001:0000a612       WaitForMultipleObjects     000000018000b612 f   kernel32:KERNEL32.dll
 0001:0000a630       __security_check_cookie    000000018000b630 f   MSVCRTD:_amdsecgs_.obj
 0001:0000aa50       _CRT_INIT                  000000018000ba50 f   MSVCRTD:dll_dllmain.obj
 0001:0000aa80       _DllMainCRTStartup         000000018000ba80 f   MSVCRTD:dll_dllmain.obj
 0001:0000aac0       __raise_securityfailure    000000018000bac0 f   MSVCRTD:gs_report.obj
 0001:0000ab00       __report_gsfailure         000000018000bb00 f   MSVCRTD:gs_report.obj
 0001:0000abe0       __report_rangecheckfailure 000000018000bbe0 f   MSVCRTD:gs_report.obj
 0001:0000ac00       __report_securityfailure   000000018000bc00 f   MSVCRTD:gs_report.obj
 0001:0000aca0       __report_securityfailureEx 000000018000bca0 f   MSVCRTD:gs_report.obj
 0001:0000afd0       __security_init_cookie     000000018000bfd0 f   MSVCRTD:gs_support.obj
 0001:0000b050       ?__scrt_initialize_type_info@@YAXXZ 000000018000c050 f   MSVCRTD:tncleanup.obj
 0001:0000b070       ?__scrt_uninitialize_type_info@@YAXXZ 000000018000c070 f   MSVCRTD:tncleanup.obj
 0001:0000b090       __local_stdio_printf_options 000000018000c090 f i MSVCRTD:default_local_stdio_options.obj
 0001:0000b0a0       __local_stdio_scanf_options 000000018000c0a0 f i MSVCRTD:default_local_stdio_options.obj
 0001:0000b0b0       __scrt_initialize_default_local_stdio_options 000000018000c0b0 f   MSVCRTD:default_local_stdio_options.obj
 0001:0000b100       ??$__crt_fast_decode_pointer@PEAP6AXXZ@@YAPEAP6AXXZQEAP6AXXZ@Z 000000018000c100 f i MSVCRTD:utility.obj
 0001:0000b140       ??$__crt_fast_encode_pointer@PEAP6AXXZ@@YAPEAP6AXXZQEAP6AXXZ@Z 000000018000c140 f i MSVCRTD:utility.obj
 0001:0000b180       ?__crt_rotate_pointer_value@@YA_K_KH@Z 000000018000c180 f i MSVCRTD:utility.obj
 0001:0000b1a0       ?configure_argv@__scrt_narrow_argv_policy@@SAHXZ 000000018000c1a0 f i MSVCRTD:utility.obj
 0001:0000b290       ?initialize_environment@__scrt_narrow_environment_policy@@SAHXZ 000000018000c290 f i MSVCRTD:utility.obj
 0001:0000b330       NtCurrentTeb               000000018000c330 f i MSVCRTD:utility.obj
 0001:0000b340       __scrt_acquire_startup_lock 000000018000c340 f   MSVCRTD:utility.obj
 0001:0000b3b0       __scrt_dllmain_after_initialize_c 000000018000c3b0 f   MSVCRTD:utility.obj
 0001:0000b3e0       __scrt_dllmain_before_initialize_c 000000018000c3e0 f   MSVCRTD:utility.obj
 0001:0000b400       __scrt_dllmain_crt_thread_attach 000000018000c400 f   MSVCRTD:utility.obj
 0001:0000b430       __scrt_dllmain_crt_thread_detach 000000018000c430 f   MSVCRTD:utility.obj
 0001:0000b450       __scrt_dllmain_exception_filter 000000018000c450 f   MSVCRTD:utility.obj
 0001:0000b4b0       __scrt_dllmain_uninitialize_c 000000018000c4b0 f   MSVCRTD:utility.obj
 0001:0000b4e0       __scrt_dllmain_uninitialize_critical 000000018000c4e0 f   MSVCRTD:utility.obj
 0001:0000b500       __scrt_initialize_crt      000000018000c500 f   MSVCRTD:utility.obj
 0001:0000b550       __scrt_initialize_onexit_tables 000000018000c550 f   MSVCRTD:utility.obj
 0001:0000b660       __scrt_is_nonwritable_in_current_image 000000018000c660 f   MSVCRTD:utility.obj
 0001:0000b6f0       __scrt_release_startup_lock 000000018000c6f0 f   MSVCRTD:utility.obj
 0001:0000b720       __scrt_uninitialize_crt    000000018000c720 f   MSVCRTD:utility.obj
 0001:0000b760       _onexit                    000000018000c760 f   MSVCRTD:utility.obj
 0001:0000b7f0       at_quick_exit              000000018000c7f0 f   MSVCRTD:utility.obj
 0001:0000b840       atexit                     000000018000c840 f   MSVCRTD:utility.obj
 0001:0000b880       __scrt_get_dyn_tls_init_callback 000000018000c880 f   MSVCRTD:dyn_tls_init.obj
 0001:0000b890       __crt_debugger_hook        000000018000c890 f   MSVCRTD:utility_desktop.obj
 0001:0000b8a0       __scrt_fastfail            000000018000c8a0 f   MSVCRTD:utility_desktop.obj
 0001:0000ba40       __scrt_get_show_window_mode 000000018000ca40 f   MSVCRTD:utility_desktop.obj
 0001:0000baa0       __scrt_initialize_mta      000000018000caa0 f   MSVCRTD:utility_desktop.obj
 0001:0000bab0       __scrt_stub_for_is_c_termination_complete 000000018000cab0 f   MSVCRTD:ucrt_stubs.obj
 0001:0000bab0       _guard_rf_checks_enforced  000000018000cab0 f   MSVCRTD:guard_support.obj
 0001:0000bab0       _is_c_termination_complete 000000018000cab0 f   MSVCRTD:ucrt_stubs.obj
 0001:0000bab0       __scrt_initialize_winrt    000000018000cab0 f   MSVCRTD:utility_desktop.obj
 0001:0000bab0       __scrt_stub_for_initialize_mta 000000018000cab0 f   MSVCRTD:utility_desktop.obj
 0001:0000bab0       __scrt_exe_initialize_mta  000000018000cab0 f   MSVCRTD:utility_desktop.obj
 0001:0000bac0       __scrt_is_managed_app      000000018000cac0 f   MSVCRTD:utility_desktop.obj
 0001:0000bb70       __scrt_set_unhandled_exception_filter 000000018000cb70 f   MSVCRTD:utility_desktop.obj
 0001:0000bb90       __scrt_unhandled_exception_filter 000000018000cb90 f   MSVCRTD:utility_desktop.obj
 0001:0000bc10       _RTC_Initialize            000000018000cc10 f   MSVCRTD:_initsect_.obj
 0001:0000bc60       _RTC_Terminate             000000018000cc60 f   MSVCRTD:_initsect_.obj
 0001:0000bcb0       _guard_check_icall_nop     000000018000ccb0 f i MSVCRTD:guard_support.obj
 0001:0000bcc0       ReadNoFence64              000000018000ccc0 f i MSVCRTD:guard_support.obj
 0001:0000bce0       ReadPointerNoFence         000000018000cce0 f i MSVCRTD:guard_support.obj
 0001:0000bd00       _guard_icall_checks_enforced 000000018000cd00 f i MSVCRTD:guard_support.obj
 0001:0000bd40       __isa_available_init       000000018000cd40 f   MSVCRTD:_cpu_disp_.obj
 0001:0000c0b0       _get_startup_argv_mode     000000018000d0b0 f   MSVCRTD:argv_mode.obj
 0001:0000c0c0       __scrt_is_ucrt_dll_in_use  000000018000d0c0 f   MSVCRTD:ucrt_detection.obj
 0001:0000c0f0       __GSHandlerCheck           000000018000d0f0 f   MSVCRTD:_gshandler_.obj
 0001:0000c130       __GSHandlerCheckCommon     000000018000d130 f   MSVCRTD:_gshandler_.obj
 0001:0000c228       __C_specific_handler       000000018000d228 f   vcruntimed:VCRUNTIME140D.dll
 0001:0000c22e       __std_type_info_destroy_list 000000018000d22e f   vcruntimed:VCRUNTIME140D.dll
 0001:0000c234       _beginthreadex             000000018000d234 f   ucrtd:ucrtbased.dll
 0001:0000c23a       free                       000000018000d23a f   ucrtd:ucrtbased.dll
 0001:0000c240       malloc                     000000018000d240 f   ucrtd:ucrtbased.dll
 0001:0000c246       calloc                     000000018000d246 f   ucrtd:ucrtbased.dll
 0001:0000c24c       _get_errno                 000000018000d24c f   ucrtd:ucrtbased.dll
 0001:0000c252       _endthreadex               000000018000d252 f   ucrtd:ucrtbased.dll
 0001:0000c258       wcsncat_s                  000000018000d258 f   ucrtd:ucrtbased.dll
 0001:0000c25e       _ftime64_s                 000000018000d25e f   ucrtd:ucrtbased.dll
 0001:0000c264       _set_errno                 000000018000d264 f   ucrtd:ucrtbased.dll
 0001:0000c26a       exit                       000000018000d26a f   ucrtd:ucrtbased.dll
 0001:0000c270       _initterm                  000000018000d270 f   ucrtd:ucrtbased.dll
 0001:0000c276       _initterm_e                000000018000d276 f   ucrtd:ucrtbased.dll
 0001:0000c27c       _seh_filter_dll            000000018000d27c f   ucrtd:ucrtbased.dll
 0001:0000c282       _configure_narrow_argv     000000018000d282 f   ucrtd:ucrtbased.dll
 0001:0000c288       _initialize_narrow_environment 000000018000d288 f   ucrtd:ucrtbased.dll
 0001:0000c28e       _initialize_onexit_table   000000018000d28e f   ucrtd:ucrtbased.dll
 0001:0000c294       _register_onexit_function  000000018000d294 f   ucrtd:ucrtbased.dll
 0001:0000c29a       _execute_onexit_table      000000018000d29a f   ucrtd:ucrtbased.dll
 0001:0000c2a0       _crt_atexit                000000018000d2a0 f   ucrtd:ucrtbased.dll
 0001:0000c2a6       _crt_at_quick_exit         000000018000d2a6 f   ucrtd:ucrtbased.dll
 0001:0000c2ac       _cexit                     000000018000d2ac f   ucrtd:ucrtbased.dll
 0001:0000c2b2       terminate                  000000018000d2b2 f   ucrtd:ucrtbased.dll
 0001:0000c2b8       RtlCaptureContext          000000018000d2b8 f   kernel32:KERNEL32.dll
 0001:0000c2be       RtlLookupFunctionEntry     000000018000d2be f   kernel32:KERNEL32.dll
 0001:0000c2c4       RtlVirtualUnwind           000000018000d2c4 f   kernel32:KERNEL32.dll
 0001:0000c2ca       UnhandledExceptionFilter   000000018000d2ca f   kernel32:KERNEL32.dll
 0001:0000c2d0       SetUnhandledExceptionFilter 000000018000d2d0 f   kernel32:KERNEL32.dll
 0001:0000c2d6       TerminateProcess           000000018000d2d6 f   kernel32:KERNEL32.dll
 0001:0000c2dc       IsProcessorFeaturePresent  000000018000d2dc f   kernel32:KERNEL32.dll
 0001:0000c2e2       QueryPerformanceCounter    000000018000d2e2 f   kernel32:KERNEL32.dll
 0001:0000c2e8       GetSystemTimeAsFileTime    000000018000d2e8 f   kernel32:KERNEL32.dll
 0001:0000c2ee       InitializeSListHead        000000018000d2ee f   kernel32:KERNEL32.dll
 0001:0000c2f4       IsDebuggerPresent          000000018000d2f4 f   kernel32:KERNEL32.dll
 0001:0000c2fa       GetStartupInfoW            000000018000d2fa f   kernel32:KERNEL32.dll
 0001:0000c300       GetModuleHandleW           000000018000d300 f   kernel32:KERNEL32.dll
 0001:0000c310       __scrt_stub_for_acrt_thread_detach 000000018000d310 f   MSVCRTD:ucrt_stubs.obj
 0001:0000c310       __acrt_thread_attach       000000018000d310 f   MSVCRTD:ucrt_stubs.obj
 0001:0000c310       __acrt_initialize          000000018000d310 f   MSVCRTD:ucrt_stubs.obj
 0001:0000c310       __vcrt_initialize          000000018000d310 f   MSVCRTD:ucrt_stubs.obj
 0001:0000c310       __acrt_thread_detach       000000018000d310 f   MSVCRTD:ucrt_stubs.obj
 0001:0000c310       __vcrt_thread_detach       000000018000d310 f   MSVCRTD:ucrt_stubs.obj
 0001:0000c310       __scrt_stub_for_acrt_initialize 000000018000d310 f   MSVCRTD:ucrt_stubs.obj
 0001:0000c310       __vcrt_thread_attach       000000018000d310 f   MSVCRTD:ucrt_stubs.obj
 0001:0000c310       __scrt_stub_for_acrt_thread_attach 000000018000d310 f   MSVCRTD:ucrt_stubs.obj
 0001:0000c320       __acrt_uninitialize        000000018000d320 f   MSVCRTD:ucrt_stubs.obj
 0001:0000c320       __scrt_stub_for_acrt_uninitialize 000000018000d320 f   MSVCRTD:ucrt_stubs.obj
 0001:0000c320       __vcrt_uninitialize        000000018000d320 f   MSVCRTD:ucrt_stubs.obj
 0001:0000c320       __acrt_uninitialize_critical 000000018000d320 f   MSVCRTD:ucrt_stubs.obj
 0001:0000c320       __vcrt_uninitialize_critical 000000018000d320 f   MSVCRTD:ucrt_stubs.obj
 0001:0000c320       __scrt_stub_for_acrt_uninitialize_critical 000000018000d320 f   MSVCRTD:ucrt_stubs.obj
 0001:0000c330       _RTC_AllocaHelper          000000018000d330 f   MSVCRTD:_stack_.obj
 0001:0000c370       _RTC_CheckStackVars        000000018000d370 f   MSVCRTD:_stack_.obj
 0001:0000c400       _RTC_CheckStackVars2       000000018000d400 f   MSVCRTD:_stack_.obj
 0001:0000c510       __GSHandlerCheck_SEH       000000018000d510 f   MSVCRTD:_gshandlerseh_.obj
 0001:0000c660       ?_RTC_AllocaFailure@@YAXPEAXPEAU_RTC_ALLOCA_NODE@@H@Z 000000018000d660 f   MSVCRTD:_error_.obj
 0001:0000c7c0       ?_RTC_Failure@@YAXPEAXH@Z  000000018000d7c0 f   MSVCRTD:_error_.obj
 0001:0000c810       ?_RTC_StackFailure@@YAXPEAXPEBD@Z 000000018000d810 f   MSVCRTD:_error_.obj
 0001:0000cc40       _RTC_UninitUse             000000018000dc40 f   MSVCRTD:_error_.obj
 0001:0000cd10       _vsprintf_s_l              000000018000dd10 f i MSVCRTD:_error_.obj
 0001:0000cd80       sprintf_s                  000000018000dd80 f i MSVCRTD:_error_.obj
 0001:0000cdb0       ?_RTC_GetErrorFunc@@YAP6AHHPEBDH00ZZPEBX@Z 000000018000ddb0 f   MSVCRTD:_userapi_.obj
 0001:0000cdc0       ?_RTC_GetErrorFuncW@@YAP6AHHPEB_WH00ZZPEBX@Z 000000018000ddc0 f   MSVCRTD:_userapi_.obj
 0001:0000cdd0       _RTC_GetErrDesc            000000018000ddd0 f   MSVCRTD:_userapi_.obj
 0001:0000cdf0       _RTC_NumErrors             000000018000ddf0 f   MSVCRTD:_userapi_.obj
 0001:0000ce00       _RTC_SetErrorFunc          000000018000de00 f   MSVCRTD:_userapi_.obj
 0001:0000ce20       _RTC_SetErrorFuncW         000000018000de20 f   MSVCRTD:_userapi_.obj
 0001:0000ce40       _RTC_SetErrorType          000000018000de40 f   MSVCRTD:_userapi_.obj
 0001:0000d370       ?_RTC_GetSrcLine@@YAHPEAEPEA_WKPEAH1K@Z 000000018000e370 f   MSVCRTD:_pdblkup_.obj
 0001:0000d735       __C_specific_handler_noexcept 000000018000e735 f   vcruntimed:VCRUNTIME140D.dll
 0001:0000d73b       __vcrt_GetModuleFileNameW  000000018000e73b f   vcruntimed:VCRUNTIME140D.dll
 0001:0000d741       __vcrt_GetModuleHandleW    000000018000e741 f   vcruntimed:VCRUNTIME140D.dll
 0001:0000d747       __vcrt_LoadLibraryExW      000000018000e747 f   vcruntimed:VCRUNTIME140D.dll
 0001:0000d74d       strcpy_s                   000000018000e74d f   ucrtd:ucrtbased.dll
 0001:0000d753       strcat_s                   000000018000e753 f   ucrtd:ucrtbased.dll
 0001:0000d759       __stdio_common_vsprintf_s  000000018000e759 f   ucrtd:ucrtbased.dll
 0001:0000d75f       _wmakepath_s               000000018000e75f f   ucrtd:ucrtbased.dll
 0001:0000d765       _wsplitpath_s              000000018000e765 f   ucrtd:ucrtbased.dll
 0001:0000d76b       wcscpy_s                   000000018000e76b f   ucrtd:ucrtbased.dll
 0001:0000d771       MultiByteToWideChar        000000018000e771 f   kernel32:KERNEL32.dll
 0001:0000d777       WideCharToMultiByte        000000018000e777 f   kernel32:KERNEL32.dll
 0001:0000d77d       HeapAlloc                  000000018000e77d f   kernel32:KERNEL32.dll
 0001:0000d783       HeapFree                   000000018000e783 f   kernel32:KERNEL32.dll
 0001:0000d789       GetProcessHeap             000000018000e789 f   kernel32:KERNEL32.dll
 0001:0000d78f       VirtualQuery               000000018000e78f f   kernel32:KERNEL32.dll
 0001:0000d7b0       _guard_dispatch_icall_nop  000000018000e7b0 f   MSVCRTD:_guard_dispatch_.obj
 0002:00000000       __imp_SetThreadAffinityMask 000000018000f000     kernel32:KERNEL32.dll
 0002:00000008       __imp_ResumeThread         000000018000f008     kernel32:KERNEL32.dll
 0002:00000010       __imp_WaitForSingleObject  000000018000f010     kernel32:KERNEL32.dll
 0002:00000018       __imp_SuspendThread        000000018000f018     kernel32:KERNEL32.dll
 0002:00000020       __imp_SetEvent             000000018000f020     kernel32:KERNEL32.dll
 0002:00000028       __imp_GetThreadContext     000000018000f028     kernel32:KERNEL32.dll
 0002:00000030       __imp_SetThreadContext     000000018000f030     kernel32:KERNEL32.dll
 0002:00000038       __imp_Sleep                000000018000f038     kernel32:KERNEL32.dll
 0002:00000040       __imp_SetLastError         000000018000f040     kernel32:KERNEL32.dll
 0002:00000048       __imp_GetLastError         000000018000f048     kernel32:KERNEL32.dll
 0002:00000050       __imp_TlsGetValue          000000018000f050     kernel32:KERNEL32.dll
 0002:00000058       __imp_TlsAlloc             000000018000f058     kernel32:KERNEL32.dll
 0002:00000060       __imp_TlsFree              000000018000f060     kernel32:KERNEL32.dll
 0002:00000068       __imp_CloseHandle          000000018000f068     kernel32:KERNEL32.dll
 0002:00000070       __imp_CreateEventW         000000018000f070     kernel32:KERNEL32.dll
 0002:00000078       __imp_GetCurrentProcess    000000018000f078     kernel32:KERNEL32.dll
 0002:00000080       __imp_GetProcessAffinityMask 000000018000f080     kernel32:KERNEL32.dll
 0002:00000088       __imp_GetCurrentThreadId   000000018000f088     kernel32:KERNEL32.dll
 0002:00000090       __imp_DuplicateHandle      000000018000f090     kernel32:KERNEL32.dll
 0002:00000098       __imp_GetCurrentThread     000000018000f098     kernel32:KERNEL32.dll
 0002:000000a0       __imp_GetThreadPriority    000000018000f0a0     kernel32:KERNEL32.dll
 0002:000000a8       __imp_ResetEvent           000000018000f0a8     kernel32:KERNEL32.dll
 0002:000000b0       __imp_SetThreadPriority    000000018000f0b0     kernel32:KERNEL32.dll
 0002:000000b8       __imp_TlsSetValue          000000018000f0b8     kernel32:KERNEL32.dll
 0002:000000c0       __imp_GetSystemDirectoryW  000000018000f0c0     kernel32:KERNEL32.dll
 0002:000000c8       __imp_LoadLibraryW         000000018000f0c8     kernel32:KERNEL32.dll
 0002:000000d0       __imp_GetProcAddress       000000018000f0d0     kernel32:KERNEL32.dll
 0002:000000d8       __imp_FreeLibrary          000000018000f0d8     kernel32:KERNEL32.dll
 0002:000000e0       __imp_RaiseException       000000018000f0e0     kernel32:KERNEL32.dll
 0002:000000e8       __imp_OpenProcess          000000018000f0e8     kernel32:KERNEL32.dll
 0002:000000f0       __imp_GetCurrentProcessId  000000018000f0f0     kernel32:KERNEL32.dll
 0002:000000f8       __imp_SetProcessAffinityMask 000000018000f0f8     kernel32:KERNEL32.dll
 0002:00000100       __imp_CreateSemaphoreW     000000018000f100     kernel32:KERNEL32.dll
 0002:00000108       __imp_ReleaseSemaphore     000000018000f108     kernel32:KERNEL32.dll
 0002:00000110       __imp_WaitForMultipleObjects 000000018000f110     kernel32:KERNEL32.dll
 0002:00000118       __imp_GetProcessHeap       000000018000f118     kernel32:KERNEL32.dll
 0002:00000120       __imp_HeapFree             000000018000f120     kernel32:KERNEL32.dll
 0002:00000128       __imp_HeapAlloc            000000018000f128     kernel32:KERNEL32.dll
 0002:00000130       __imp_WideCharToMultiByte  000000018000f130     kernel32:KERNEL32.dll
 0002:00000138       __imp_MultiByteToWideChar  000000018000f138     kernel32:KERNEL32.dll
 0002:00000140       __imp_GetModuleHandleW     000000018000f140     kernel32:KERNEL32.dll
 0002:00000148       __imp_GetStartupInfoW      000000018000f148     kernel32:KERNEL32.dll
 0002:00000150       __imp_IsDebuggerPresent    000000018000f150     kernel32:KERNEL32.dll
 0002:00000158       __imp_InitializeSListHead  000000018000f158     kernel32:KERNEL32.dll
 0002:00000160       __imp_GetSystemTimeAsFileTime 000000018000f160     kernel32:KERNEL32.dll
 0002:00000168       __imp_VirtualQuery         000000018000f168     kernel32:KERNEL32.dll
 0002:00000170       __imp_QueryPerformanceCounter 000000018000f170     kernel32:KERNEL32.dll
 0002:00000178       __imp_IsProcessorFeaturePresent 000000018000f178     kernel32:KERNEL32.dll
 0002:00000180       __imp_TerminateProcess     000000018000f180     kernel32:KERNEL32.dll
 0002:00000188       __imp_SetUnhandledExceptionFilter 000000018000f188     kernel32:KERNEL32.dll
 0002:00000190       __imp_UnhandledExceptionFilter 000000018000f190     kernel32:KERNEL32.dll
 0002:00000198       __imp_RtlVirtualUnwind     000000018000f198     kernel32:KERNEL32.dll
 0002:000001a0       __imp_RtlLookupFunctionEntry 000000018000f1a0     kernel32:KERNEL32.dll
 0002:000001a8       __imp_RtlCaptureContext    000000018000f1a8     kernel32:KERNEL32.dll
 0002:000001b0       \177KERNEL32_NULL_THUNK_DATA 000000018000f1b0     kernel32:KERNEL32.dll
 0002:000001b8       __imp___vcrt_GetModuleHandleW 000000018000f1b8     vcruntimed:VCRUNTIME140D.dll
 0002:000001c0       __imp___vcrt_GetModuleFileNameW 000000018000f1c0     vcruntimed:VCRUNTIME140D.dll
 0002:000001c8       __imp___C_specific_handler_noexcept 000000018000f1c8     vcruntimed:VCRUNTIME140D.dll
 0002:000001d0       __imp___std_type_info_destroy_list 000000018000f1d0     vcruntimed:VCRUNTIME140D.dll
 0002:000001d8       __imp___vcrt_LoadLibraryExW 000000018000f1d8     vcruntimed:VCRUNTIME140D.dll
 0002:000001e0       __imp___C_specific_handler 000000018000f1e0     vcruntimed:VCRUNTIME140D.dll
 0002:000001e8       \177VCRUNTIME140D_NULL_THUNK_DATA 000000018000f1e8     vcruntimed:VCRUNTIME140D.dll
 0002:000001f0       __imp__initialize_narrow_environment 000000018000f1f0     ucrtd:ucrtbased.dll
 0002:000001f8       __imp__configure_narrow_argv 000000018000f1f8     ucrtd:ucrtbased.dll
 0002:00000200       __imp__seh_filter_dll      000000018000f200     ucrtd:ucrtbased.dll
 0002:00000208       __imp__initterm_e          000000018000f208     ucrtd:ucrtbased.dll
 0002:00000210       __imp__initterm            000000018000f210     ucrtd:ucrtbased.dll
 0002:00000218       __imp_exit                 000000018000f218     ucrtd:ucrtbased.dll
 0002:00000220       __imp__set_errno           000000018000f220     ucrtd:ucrtbased.dll
 0002:00000228       __imp__ftime64_s           000000018000f228     ucrtd:ucrtbased.dll
 0002:00000230       __imp__endthreadex         000000018000f230     ucrtd:ucrtbased.dll
 0002:00000238       __imp__cexit               000000018000f238     ucrtd:ucrtbased.dll
 0002:00000240       __imp_calloc               000000018000f240     ucrtd:ucrtbased.dll
 0002:00000248       __imp_malloc               000000018000f248     ucrtd:ucrtbased.dll
 0002:00000250       __imp_free                 000000018000f250     ucrtd:ucrtbased.dll
 0002:00000258       __imp__crt_at_quick_exit   000000018000f258     ucrtd:ucrtbased.dll
 0002:00000260       __imp__crt_atexit          000000018000f260     ucrtd:ucrtbased.dll
 0002:00000268       __imp__execute_onexit_table 000000018000f268     ucrtd:ucrtbased.dll
 0002:00000270       __imp__register_onexit_function 000000018000f270     ucrtd:ucrtbased.dll
 0002:00000278       __imp_strcpy_s             000000018000f278     ucrtd:ucrtbased.dll
 0002:00000280       __imp_strcat_s             000000018000f280     ucrtd:ucrtbased.dll
 0002:00000288       __imp___stdio_common_vsprintf_s 000000018000f288     ucrtd:ucrtbased.dll
 0002:00000290       __imp__wmakepath_s         000000018000f290     ucrtd:ucrtbased.dll
 0002:00000298       __imp__wsplitpath_s        000000018000f298     ucrtd:ucrtbased.dll
 0002:000002a0       __imp_wcscpy_s             000000018000f2a0     ucrtd:ucrtbased.dll
 0002:000002a8       __imp__beginthreadex       000000018000f2a8     ucrtd:ucrtbased.dll
 0002:000002b0       __imp_terminate            000000018000f2b0     ucrtd:ucrtbased.dll
 0002:000002b8       __imp__get_errno           000000018000f2b8     ucrtd:ucrtbased.dll
 0002:000002c0       __imp__initialize_onexit_table 000000018000f2c0     ucrtd:ucrtbased.dll
 0002:000002c8       __imp_wcsncat_s            000000018000f2c8     ucrtd:ucrtbased.dll
 0002:000002d0       \177ucrtbased_NULL_THUNK_DATA 000000018000f2d0     ucrtd:ucrtbased.dll
 0002:000002d8       __guard_check_icall_fptr   000000018000f2d8     MSVCRTD:guard_support.obj
 0002:000002e0       __guard_dispatch_icall_fptr 000000018000f2e0     MSVCRTD:guard_support.obj
 0002:000002e8       __xc_a                     000000018000f2e8     MSVCRTD:initializers.obj
 0002:000002f0       __xc_z                     000000018000f2f0     MSVCRTD:initializers.obj
 0002:000002f8       __xi_a                     000000018000f2f8     MSVCRTD:initializers.obj
 0002:00000300       __xi_z                     000000018000f300     MSVCRTD:initializers.obj
 0002:00000308       __xp_a                     000000018000f308     MSVCRTD:initializers.obj
 0002:00000310       __xp_z                     000000018000f310     MSVCRTD:initializers.obj
 0002:00000318       __xt_a                     000000018000f318     MSVCRTD:initializers.obj
 0002:00000320       __xt_z                     000000018000f320     MSVCRTD:initializers.obj
 0002:00000330       _pDefaultRawDllMain        000000018000f330     MSVCRTD:dll_dllmain.obj
 0002:00000330       _pRawDllMain               000000018000f330     MSVCRTD:dll_dllmain.obj
 0002:00000348       ??_C@_1BK@HAOLGFOM@?$AA?2?$AAQ?$AAU?$AAS?$AAE?$AAR?$AAE?$AAX?$AA?4?$AAD?$AAL?$AAL@ 000000018000f348     pthread_win32_attach_detach_np.obj
 0002:00000368       ??_C@_0P@GONKDLPM@QueueUserAPCEx@ 000000018000f368     pthread_win32_attach_detach_np.obj
 0002:00000378       ??_C@_0BE@KOBJHIEE@QueueUserAPCEx_Init@ 000000018000f378     pthread_win32_attach_detach_np.obj
 0002:00000390       ??_C@_0BE@ELLNKNLF@QueueUserAPCEx_Fini@ 000000018000f390     pthread_win32_attach_detach_np.obj
 0002:00001ed0       ??_C@_0NN@NGPKDKPD@The?5value?5of?5ESP?5was?5not?5proper@ 0000000180010ed0     MSVCRTD:_error_.obj
 0002:00001fb0       ??_C@_0BBN@GPMLNJCF@A?5cast?5to?5a?5smaller?5data?5type?5h@ 0000000180010fb0     MSVCRTD:_error_.obj
 0002:000020d0       ??_C@_0BN@FFOINMNJ@Stack?5memory?5was?5corrupted?6?$AN@ 00000001800110d0     MSVCRTD:_error_.obj
 0002:000020f0       ??_C@_0DG@HKJMLLLP@A?5local?5variable?5was?5used?5befor@ 00000001800110f0     MSVCRTD:_error_.obj
 0002:00002128       ??_C@_0CM@NGINOKPC@Stack?5memory?5around?5_alloca?5was@ 0000000180011128     MSVCRTD:_error_.obj
 0002:00002158       ??_C@_0BO@GNIAFIKK@Unknown?5Runtime?5Check?5Error?6?$AN@ 0000000180011158     MSVCRTD:_error_.obj
 0002:00002180       ??_C@_1GM@OLMCBDMB@?$AAR?$AAu?$AAn?$AAt?$AAi?$AAm?$AAe?$AA?5?$AAC?$AAh?$AAe?$AAc?$AAk?$AA?5?$AAE@ 0000000180011180     MSVCRTD:_error_.obj
 0002:000021f0       ??_C@_1EA@NFKNIFJP@?$AAR?$AAu?$AAn?$AA?9?$AAT?$AAi?$AAm?$AAe?$AA?5?$AAC?$AAh?$AAe?$AAc?$AAk?$AA?5@ 00000001800111f0     MSVCRTD:_error_.obj
 0002:00002230       ??_C@_0BB@PFFGGCJP@Unknown?5Filename@ 0000000180011230     MSVCRTD:_error_.obj
 0002:00002248       ??_C@_0BE@GNBOBNCK@Unknown?5Module?5Name@ 0000000180011248     MSVCRTD:_error_.obj
 0002:00002260       ??_C@_0CA@IODNCDPG@Run?9Time?5Check?5Failure?5?$CD?$CFd?5?9?5?$CFs@ 0000000180011260     MSVCRTD:_error_.obj
 0002:00002280       ??_C@_0CG@IAFNJNEE@Stack?5corrupted?5near?5unknown?5va@ 0000000180011280     MSVCRTD:_error_.obj
 0002:000022a8       ??_C@_05MKKEDADM@?$CF?42X?5@ 00000001800112a8     MSVCRTD:_error_.obj
 0002:000022b0       ??_C@_0EJ@LJKNEOLN@Stack?5area?5around?5_alloca?5memor@ 00000001800112b0     MSVCRTD:_error_.obj
 0002:000022fc       ??_C@_01EEMJAFIK@?6@       00000001800112fc     MSVCRTD:_error_.obj
 0002:00002300       ??_C@_02LLMPMKNF@?$DO?5@   0000000180011300     MSVCRTD:_error_.obj
 0002:00002308       ??_C@_08OMAHNMHJ@?6Data?3?5?$DM@ 0000000180011308     MSVCRTD:_error_.obj
 0002:00002318       ??_C@_0CK@DKGBICFE@?6Allocation?5number?5within?5this?5@ 0000000180011318     MSVCRTD:_error_.obj
 0002:00002348       ??_C@_07DFDJCKFN@?6Size?3?5@ 0000000180011348     MSVCRTD:_error_.obj
 0002:00002350       ??_C@_0N@MHFFIMFG@?6Address?3?50x@ 0000000180011350     MSVCRTD:_error_.obj
 0002:00002360       ??_C@_0EI@CLEPFNGI@Stack?5area?5around?5_alloca?5memor@ 0000000180011360     MSVCRTD:_error_.obj
 0002:000023a8       ??_C@_0BK@ODNDAGKB@?$CFs?$CFs?$CFp?$CFs?$CFzd?$CFs?$CFd?$CFs?$CFs?$CFs?$CFs?$CFs@ 00000001800113a8     MSVCRTD:_error_.obj
 0002:000023c8       ??_C@_0DE@OHJBPMBP@A?5variable?5is?5being?5used?5withou@ 00000001800113c8     MSVCRTD:_error_.obj
 0002:00002428       ??_C@_0BJ@HEGAHDFO@Stack?5pointer?5corruption@ 0000000180011428     MSVCRTD:_userapi_.obj
 0002:00002448       ??_C@_0CK@FEGOIOPB@Cast?5to?5smaller?5type?5causing?5lo@ 0000000180011448     MSVCRTD:_userapi_.obj
 0002:00002478       ??_C@_0BI@CIGMDCBH@Stack?5memory?5corruption@ 0000000180011478     MSVCRTD:_userapi_.obj
 0002:00002490       ??_C@_0CK@CNLNOEPB@Local?5variable?5used?5before?5init@ 0000000180011490     MSVCRTD:_userapi_.obj
 0002:000024c0       ??_C@_0BP@OGBCLIBO@Stack?5around?5_alloca?5corrupted@ 00000001800114c0     MSVCRTD:_userapi_.obj
 0002:00002540       ??_C@_1EI@MLPKHBGE@?$AAa?$AAp?$AAi?$AA?9?$AAm?$AAs?$AA?9?$AAw?$AAi?$AAn?$AA?9?$AAc?$AAo?$AAr?$AAe@ 0000000180011540     MSVCRTD:_pdblkup_.obj
 0002:00002588       ??_C@_1BK@JHLNAEJL@?$AAa?$AAd?$AAv?$AAa?$AAp?$AAi?$AA3?$AA2?$AA?4?$AAd?$AAl?$AAl@ 0000000180011588     MSVCRTD:_pdblkup_.obj
 0002:000025a8       ??_C@_0O@COHOBMLB@RegOpenKeyExW@ 00000001800115a8     MSVCRTD:_pdblkup_.obj
 0002:000025b8       ??_C@_0BB@GLNAEDBD@RegQueryValueExW@ 00000001800115b8     MSVCRTD:_pdblkup_.obj
 0002:000025d0       ??_C@_0M@HLOHPNFA@RegCloseKey@ 00000001800115d0     MSVCRTD:_pdblkup_.obj
 0002:000025e0       ??_C@_1HE@EBEAGLFB@?$AAS?$AAO?$AAF?$AAT?$AAW?$AAA?$AAR?$AAE?$AA?2?$AAW?$AAo?$AAw?$AA6?$AA4?$AA3@ 00000001800115e0     MSVCRTD:_pdblkup_.obj
 0002:00002658       ??_C@_1BG@EABPBLLF@?$AAP?$AAr?$AAo?$AAd?$AAu?$AAc?$AAt?$AAD?$AAi?$AAr@ 0000000180011658     MSVCRTD:_pdblkup_.obj
 0002:00002690       ??_C@_1BC@JINFINNJ@?$AAM?$AAS?$AAP?$AAD?$AAB?$AA1?$AA4?$AA0@ 0000000180011690     MSVCRTD:_pdblkup_.obj
 0002:000026a8       ??_C@_0BB@KCIACLNC@PDBOpenValidate5@ 00000001800116a8     MSVCRTD:_pdblkup_.obj
 0002:000026bc       ??_C@_01KDCPPGHE@r@        00000001800116bc     MSVCRTD:_pdblkup_.obj
 0002:00002700       _load_config_used          0000000180011700     MSVCRTD:loadcfg.obj
 0002:00002ab0       __rtc_iaa                  0000000180011ab0     MSVCRTD:_initsect_.obj
 0002:00002ab8       __rtc_izz                  0000000180011ab8     MSVCRTD:_initsect_.obj
 0002:00002ac0       __rtc_taa                  0000000180011ac0     MSVCRTD:_initsect_.obj
 0002:00002ac8       __rtc_tzz                  0000000180011ac8     MSVCRTD:_initsect_.obj
 0002:000043a4       __IMPORT_DESCRIPTOR_KERNEL32 00000001800133a4     kernel32:KERNEL32.dll
 0002:000043b8       __IMPORT_DESCRIPTOR_VCRUNTIME140D 00000001800133b8     vcruntimed:VCRUNTIME140D.dll
 0002:000043cc       __IMPORT_DESCRIPTOR_ucrtbased 00000001800133cc     ucrtd:ucrtbased.dll
 0002:000043e0       __NULL_IMPORT_DESCRIPTOR   00000001800133e0     kernel32:KERNEL32.dll
 0003:00000000       __security_cookie_complement 0000000180014000     MSVCRTD:gs_cookie.obj
 0003:00000008       __security_cookie          0000000180014008     MSVCRTD:gs_cookie.obj
 0003:00000010       __scrt_native_dllmain_reason 0000000180014010     MSVCRTD:utility.obj
 0003:00000018       __isa_available            0000000180014018     MSVCRTD:_cpu_disp_.obj
 0003:0000001c       __isa_enabled              000000018001401c     MSVCRTD:_cpu_disp_.obj
 0003:00000020       __memcpy_nt_iters          0000000180014020     MSVCRTD:_cpu_disp_.obj
 0003:00000030       __scrt_ucrt_dll_is_in_use  0000000180014030     MSVCRTD:ucrt_stubs.obj
 0003:00000038       ptw32_threadReuseBottom    0000000180014038     global.obj
 0003:00000040       ptw32_threadReuseTop       0000000180014040     global.obj
 0003:00000078       ?_RTC_ErrorLevels@@3PAHA   0000000180014078     MSVCRTD:_error_.obj
 0003:00000610       ?__type_info_root_node@@3U__type_info_node@@A 0000000180014610     MSVCRTD:tncleanup.obj
 0003:00000620       ?_OptionsStorage@?1??__local_stdio_printf_options@@9@4_KA 0000000180014620     MSVCRTD:default_local_stdio_options.obj
 0003:00000628       ?_OptionsStorage@?1??__local_stdio_scanf_options@@9@4_KA 0000000180014628     MSVCRTD:default_local_stdio_options.obj
 0003:00000630       __scrt_current_native_startup_state 0000000180014630     MSVCRTD:utility.obj
 0003:00000638       __scrt_native_startup_lock 0000000180014638     MSVCRTD:utility.obj
 0003:00000678       __scrt_debugger_hook_flag  0000000180014678     MSVCRTD:utility_desktop.obj
 0003:0000067c       __favor                    000000018001467c     MSVCRTD:_cpu_disp_.obj
 0003:00000680       ptw32_cleanupKey           0000000180014680     global.obj
 0003:00000688       ptw32_features             0000000180014688     global.obj
 0003:0000068c       ptw32_concurrency          000000018001468c     global.obj
 0003:00000690       ptw32_cond_list_lock       0000000180014690     global.obj
 0003:00000698       ptw32_threadSeqNumber      0000000180014698     global.obj
 0003:000006a0       ptw32_thread_reuse_lock    00000001800146a0     global.obj
 0003:000006a8       ptw32_mutex_test_init_lock 00000001800146a8     global.obj
 0003:000006b0       ptw32_selfThreadKey        00000001800146b0     global.obj
 0003:000006b8       ptw32_processInitialized   00000001800146b8     global.obj
 0003:000006c0       ptw32_rwlock_test_init_lock 00000001800146c0     global.obj
 0003:000006c8       ptw32_cond_list_tail       00000001800146c8     global.obj
 0003:000006d0       ptw32_cond_list_head       00000001800146d0     global.obj
 0003:000006d8       ptw32_cond_test_init_lock  00000001800146d8     global.obj
 0003:000006e0       ptw32_register_cancellation 00000001800146e0     global.obj
 0003:000006e8       ptw32_spinlock_test_init_lock 00000001800146e8     global.obj
 0003:00000718       __dyn_tls_init_callback    0000000180014718     <common>
 0003:00000720       ?_OptionsStorage@?1??__local_stdio_printf_options@@9@9 0000000180014720     <common>
 0003:00000728       ?_OptionsStorage@?1??__local_stdio_scanf_options@@9@9 0000000180014728     <common>

 entry point at        0001:0000aa80

 Static symbols

 0002:ffff0fff       __guard_fids__guard_icall_checks_enforced 000000027fffffff     MSVCRTD:guard_support.obj
 0002:ffff0fff       __guard_fids__             000000027fffffff     MSVCRTD:guard_support.obj
 0000:fffe8000       .debug$S                   0000000180000000     kernel32:KERNEL32.dll
 0000:fffe8000       .debug$S                   0000000180000000     kernel32:KERNEL32.dll
 0000:fffe8000       .debug$S                   0000000180000000     kernel32:KERNEL32.dll
 0000:fffe8000       .debug$S                   0000000180000000     kernel32:KERNEL32.dll
 0000:fffe8000       .debug$S                   0000000180000000     kernel32:KERNEL32.dll
 0000:fffe8000       .debug$S                   0000000180000000     kernel32:KERNEL32.dll
 0000:fffe8000       .debug$S                   0000000180000000     ucrtd:ucrtbased.dll
 0000:fffe8000       .debug$S                   0000000180000000     ucrtd:ucrtbased.dll
 0000:fffe8000       .debug$S                   0000000180000000     ucrtd:ucrtbased.dll
 0000:fffe8000       .debug$S                   0000000180000000     ucrtd:ucrtbased.dll
 0000:fffe8000       .debug$S                   0000000180000000     ucrtd:ucrtbased.dll
 0000:fffe8000       .debug$S                   0000000180000000     ucrtd:ucrtbased.dll
 0000:fffe8000       .debug$S                   0000000180000000     vcruntimed:VCRUNTIME140D.dll
 0000:fffe8000       .debug$S                   0000000180000000     vcruntimed:VCRUNTIME140D.dll
 0000:fffe8000       .debug$S                   0000000180000000     vcruntimed:VCRUNTIME140D.dll
 0000:fffe8000       .debug$S                   0000000180000000     vcruntimed:VCRUNTIME140D.dll
 0000:fffe8000       .debug$S                   0000000180000000     kernel32:KERNEL32.dll
 0000:fffe8000       .debug$S                   0000000180000000     kernel32:KERNEL32.dll
 0000:fffe8000       .debug$S                   0000000180000000     kernel32:KERNEL32.dll
 0000:fffe8000       .debug$S                   0000000180000000     kernel32:KERNEL32.dll
 0000:fffe8000       .debug$S                   0000000180000000     kernel32:KERNEL32.dll
 0000:fffe8000       .debug$S                   0000000180000000     kernel32:KERNEL32.dll
 0000:fffe8000       .debug$S                   0000000180000000     kernel32:KERNEL32.dll
 0000:fffe8000       .debug$S                   0000000180000000     kernel32:KERNEL32.dll
 0000:fffe8000       .debug$S                   0000000180000000     kernel32:KERNEL32.dll
 0000:fffe8000       .debug$S                   0000000180000000     kernel32:KERNEL32.dll
 0000:fffe8000       .debug$S                   0000000180000000     kernel32:KERNEL32.dll
 0000:fffe8000       .debug$S                   0000000180000000     kernel32:KERNEL32.dll
 0000:fffe8000       .debug$S                   0000000180000000     kernel32:KERNEL32.dll
 0000:fffe8000       .debug$S                   0000000180000000     pthread_dll.exp
 0000:fffe8000       .debug$S                   0000000180000000     kernel32:KERNEL32.dll
 0000:fffe8000       .debug$S                   0000000180000000     kernel32:KERNEL32.dll
 0000:fffe8000       .debug$S                   0000000180000000     kernel32:KERNEL32.dll
 0000:fffe8000       .debug$S                   0000000180000000     kernel32:KERNEL32.dll
 0000:fffe8000       .debug$S                   0000000180000000     kernel32:KERNEL32.dll
 0000:fffe8000       .debug$S                   0000000180000000     kernel32:KERNEL32.dll
 0000:fffe8000       .debug$S                   0000000180000000     kernel32:KERNEL32.dll
 0000:fffe8000       .debug$S                   0000000180000000     kernel32:KERNEL32.dll
 0000:fffe8000       .debug$S                   0000000180000000     kernel32:KERNEL32.dll
 0000:fffe8000       .debug$S                   0000000180000000     kernel32:KERNEL32.dll
 0000:fffe8000       .debug$S                   0000000180000000     kernel32:KERNEL32.dll
 0000:fffe8000       .debug$S                   0000000180000000     kernel32:KERNEL32.dll
 0000:fffe8000       .debug$S                   0000000180000000     kernel32:KERNEL32.dll
 0000:fffe8000       .debug$S                   0000000180000000     kernel32:KERNEL32.dll
 0000:fffe8000       .debug$S                   0000000180000000     kernel32:KERNEL32.dll
 0000:fffe8000       .debug$S                   0000000180000000     kernel32:KERNEL32.dll
 0000:fffe8000       .debug$S                   0000000180000000     kernel32:KERNEL32.dll
 0000:fffe8000       .debug$S                   0000000180000000     kernel32:KERNEL32.dll
 0000:fffe8000       .debug$S                   0000000180000000     kernel32:KERNEL32.dll
 0000:fffe8000       .debug$S                   0000000180000000     kernel32:KERNEL32.dll
 0000:fffe8000       .debug$S                   0000000180000000     kernel32:KERNEL32.dll
 0000:fffe8000       .debug$S                   0000000180000000     kernel32:KERNEL32.dll
 0000:fffe8000       .debug$S                   0000000180000000     kernel32:KERNEL32.dll
 0000:fffe8000       .debug$S                   0000000180000000     kernel32:KERNEL32.dll
 0000:fffe8000       .debug$S                   0000000180000000     kernel32:KERNEL32.dll
 0000:fffe8000       .debug$S                   0000000180000000     kernel32:KERNEL32.dll
 0000:fffe8000       .debug$S                   0000000180000000     kernel32:KERNEL32.dll
 0000:fffe8000       .debug$S                   0000000180000000     kernel32:KERNEL32.dll
 0000:fffe8000       .debug$S                   0000000180000000     kernel32:KERNEL32.dll
 0000:fffe8000       .debug$S                   0000000180000000     kernel32:KERNEL32.dll
 0000:fffe8000       .debug$S                   0000000180000000     kernel32:KERNEL32.dll
 0002:ffff1000       __guard_fids_?dllmain_dispatch@@YAHQEAUHINSTANCE__@@KQEAX@Z 0000000180000000     MSVCRTD:dll_dllmain.obj
 0000:fffe8000       .debug$S                   0000000180000000     kernel32:KERNEL32.dll
 0000:fffe8000       .debug$S                   0000000180000000     kernel32:KERNEL32.dll
 0000:fffe8000       .debug$S                   0000000180000000     ucrtd:ucrtbased.dll
 0000:fffe8000       .debug$S                   0000000180000000     ucrtd:ucrtbased.dll
 0000:fffe8000       .debug$S                   0000000180000000     ucrtd:ucrtbased.dll
 0000:fffe8000       .debug$S                   0000000180000000     ucrtd:ucrtbased.dll
 0000:fffe8000       .debug$S                   0000000180000000     ucrtd:ucrtbased.dll
 0000:fffe8000       .debug$S                   0000000180000000     ucrtd:ucrtbased.dll
 0000:fffe8000       .debug$S                   0000000180000000     ucrtd:ucrtbased.dll
 0000:fffe8000       .debug$S                   0000000180000000     ucrtd:ucrtbased.dll
 0000:fffe8000       .debug$S                   0000000180000000     ucrtd:ucrtbased.dll
 0000:fffe8000       .debug$S                   0000000180000000     ucrtd:ucrtbased.dll
 0000:fffe8000       .debug$S                   0000000180000000     ucrtd:ucrtbased.dll
 0000:fffe8000       .debug$S                   0000000180000000     ucrtd:ucrtbased.dll
 0002:ffff1000       __guard_fids___scrt_set_unhandled_exception_filter 0000000180000000     MSVCRTD:utility_desktop.obj
 0000:fffe8000       .debug$S                   0000000180000000     kernel32:KERNEL32.dll
 0000:fffe8000       .debug$S                   0000000180000000     kernel32:KERNEL32.dll
 0000:fffe8000       .debug$S                   0000000180000000     ucrtd:ucrtbased.dll
 0000:fffe8000       .debug$S                   0000000180000000     vcruntimed:VCRUNTIME140D.dll
 0000:fffe8000       .debug$S                   0000000180000000     vcruntimed:VCRUNTIME140D.dll
 0000:fffe8000       .debug$S                   0000000180000000     ucrtd:ucrtbased.dll
 0000:fffe8000       .debug$S                   0000000180000000     ucrtd:ucrtbased.dll
 0000:fffe8000       .debug$S                   0000000180000000     ucrtd:ucrtbased.dll
 0000:fffe8000       .debug$S                   0000000180000000     ucrtd:ucrtbased.dll
 0000:fffe8000       .debug$S                   0000000180000000     ucrtd:ucrtbased.dll
 0000:fffe8000       .debug$S                   0000000180000000     ucrtd:ucrtbased.dll
 0000:fffe8000       .debug$S                   0000000180000000     ucrtd:ucrtbased.dll
 0000:fffe8000       .debug$S                   0000000180000000     ucrtd:ucrtbased.dll
 0000:fffe8000       .debug$S                   0000000180000000     ucrtd:ucrtbased.dll
 0001:00001120       ptw32_cancel_self          0000000180002120 f   pthread_cancel.obj
 0001:00001150       ptw32_cancel_callback      0000000180002150 f   pthread_cancel.obj
 0001:000014b0       ptw32_get_errno            00000001800024b0 f   pthread_cond_init.obj
 0001:000014b0       ptw32_get_errno            00000001800024b0 f   pthread_cond_signal.obj
 0001:000014b0       ptw32_get_errno            00000001800024b0 f   pthread_cond_destroy.obj
 0001:000014b0       ptw32_get_errno            00000001800024b0 f   pthread_cond_wait.obj
 0001:000014b0       ptw32_get_errno            00000001800024b0 f   pthread_setaffinity.obj
 0001:00001a20       ptw32_cond_unblock         0000000180002a20 f   pthread_cond_signal.obj
 0001:00001cd0       ptw32_cond_wait_cleanup    0000000180002cd0 f   pthread_cond_wait.obj
 0001:00001e80       ptw32_cond_timedwait       0000000180002e80 f   pthread_cond_wait.obj
 0001:00003790       ptw32_timed_eventwait      0000000180004790 f   pthread_mutex_timedlock.obj
 0001:00004720       ptw32_mcs_lock_cleanup     0000000180005720 f   pthread_once.obj
 0001:00008830       ExceptionFilter            0000000180009830 f   ptw32_threadStart.obj
 0001:00009d90       ptw32_sem_timedwait_cleanup 000000018000ad90 f   sem_timedwait.obj
 0001:0000a0e0       ptw32_sem_wait_cleanup     000000018000b0e0 f   sem_wait.obj
 0001:0000a2d0       ptw32_cancelable_wait      000000018000b2d0 f   w32_CancelableWait.obj
 0001:0000a620       $$000000                   000000018000b620     MSVCRTD:_amdsecgs_.obj
 0001:0000a660       ?dllmain_crt_dispatch@@YAHQEAUHINSTANCE__@@KQEAX@Z 000000018000b660 f   MSVCRTD:dll_dllmain.obj
 0001:0000a6f0       ?dllmain_crt_process_attach@@YAHQEAUHINSTANCE__@@QEAX@Z 000000018000b6f0 f   MSVCRTD:dll_dllmain.obj
 0001:0000a830       ?dllmain_crt_process_detach@@YAH_N@Z 000000018000b830 f   MSVCRTD:dll_dllmain.obj
 0001:0000a8c0       ?dllmain_dispatch@@YAHQEAUHINSTANCE__@@KQEAX@Z 000000018000b8c0 f   MSVCRTD:dll_dllmain.obj
 0001:0000aa00       ?dllmain_raw@@YAHQEAUHINSTANCE__@@KQEAX@Z 000000018000ba00 f   MSVCRTD:dll_dllmain.obj
 0001:0000adb0       capture_current_context    000000018000bdb0 f   MSVCRTD:gs_report.obj
 0001:0000ae50       capture_previous_context   000000018000be50 f   MSVCRTD:gs_report.obj
 0001:0000af10       __get_entropy              000000018000bf10 f   MSVCRTD:gs_support.obj
 0001:0000b1c0       ?find_pe_section@@YAPEAU_IMAGE_SECTION_HEADER@@QEAE_K@Z 000000018000c1c0 f   MSVCRTD:utility.obj
 0001:0000b2a0       ?is_potentially_valid_image_base@@YA_NQEAX@Z 000000018000c2a0 f   MSVCRTD:utility.obj
 0001:0000c5d0       ?DebuggerProbe@@YA_NK@Z    000000018000d5d0 f   MSVCRTD:_error_.obj
 0001:0000c610       ?DebuggerRuntime@@YA_NKHPEAXPEB_W@Z 000000018000d610 f   MSVCRTD:_error_.obj
 0001:0000c8e0       ?_getMemBlockDataString@@YAXPEAD0PEBD_K@Z 000000018000d8e0 f   MSVCRTD:_error_.obj
 0001:0000c9a0       ?_strlen_priv@@YA_KPEBD@Z  000000018000d9a0 f   MSVCRTD:_error_.obj
 0001:0000c9c0       ?failwithmessage@@YAXPEAXHHPEBD@Z 000000018000d9c0 f   MSVCRTD:_error_.obj
 0001:0000cc20       ?notify_debugger@@YAXAEBUtagEXCEPTION_VISUALCPP_DEBUG_INFO@@@Z 000000018000dc20 f   MSVCRTD:_error_.obj
 0001:0000ce60       ?GetPdbDll@@YAPEAUHINSTANCE__@@XZ 000000018000de60 f   MSVCRTD:_pdblkup_.obj
 0001:0000cfb0       ?GetPdbDllFromInstallPath@@YAPEAUHINSTANCE__@@XZ 000000018000dfb0 f   MSVCRTD:_pdblkup_.obj
 0001:0000d260       ?GetPdbDllPathFromFilePath@@YAHPEB_WPEA_W_K@Z 000000018000e260 f   MSVCRTD:_pdblkup_.obj
 0001:0000d7a0       $$000000                   000000018000e7a0     MSVCRTD:_guard_dispatch_.obj
 0001:0000d7c0       ptw32_cond_timedwait$fin$0 000000018000e7c0 f   pthread_cond_wait.obj
 0001:0000d7f0       pthread_once$fin$0         000000018000e7f0 f   pthread_once.obj
 0001:0000d830       pthread_rwlock_timedwrlock$fin$0 000000018000e830 f   pthread_rwlock_timedwrlock.obj
 0001:0000d830       pthread_rwlock_wrlock$fin$0 000000018000e830 f   pthread_rwlock_wrlock.obj
 0001:0000d890       ptw32_threadStart$filt$0   000000018000e890 f   ptw32_threadStart.obj
 0001:0000d8d0       sem_timedwait$fin$0        000000018000e8d0 f   sem_timedwait.obj
 0001:0000d910       sem_wait$fin$0             000000018000e910 f   sem_wait.obj
 0001:0000d950       ?fin$0@?0??dllmain_crt_process_attach@@YAHQEAUHINSTANCE__@@QEAX@Z@4HA 000000018000e950 f   MSVCRTD:dll_dllmain.obj
 0001:0000d970       ?fin$0@?0??dllmain_crt_process_detach@@YAH_N@Z@4HA 000000018000e970 f   MSVCRTD:dll_dllmain.obj
 0001:0000d990       ?filt$0@?0??dllmain_dispatch@@YAHQEAUHINSTANCE__@@KQEAX@Z@4HA 000000018000e990 f   MSVCRTD:dll_dllmain.obj
 0001:0000d9e0       __scrt_is_nonwritable_in_current_image$filt$0 000000018000e9e0 f   MSVCRTD:utility.obj
 0001:0000da20       ?filt$0@?0??notify_debugger@@YAXAEBUtagEXCEPTION_VISUALCPP_DEBUG_INFO@@@Z@4HA 000000018000ea20 f   MSVCRTD:_error_.obj
 0002:00000338       GS_ExceptionPointers       000000018000f338     MSVCRTD:gs_report.obj
 0002:000003b0       pthread_create$rtcName$0   000000018000f3b0     create.obj
 0002:000003c0       pthread_create$rtcVarDesc  000000018000f3c0     create.obj
 0002:00000400       pthread_create$rtcFrameData 000000018000f400     create.obj
 0002:00000410       ptw32_rwlock_check_need_init$rtcName$0 000000018000f410     ptw32_rwlock_check_need_init.obj
 0002:00000410       pthread_cond_init$rtcName$0 000000018000f410     pthread_cond_init.obj
 0002:00000410       ptw32_spinlock_check_need_init$rtcName$0 000000018000f410     ptw32_spinlock_check_need_init.obj
 0002:00000410       pthread_barrier_wait$rtcName$0 000000018000f410     pthread_barrier_wait.obj
 0002:00000410       pthread_kill$rtcName$0     000000018000f410     pthread_kill.obj
 0002:00000410       pthread_barrier_destroy$rtcName$0 000000018000f410     pthread_barrier_destroy.obj
 0002:00000410       pthread_getaffinity_np$rtcName$0 000000018000f410     pthread_setaffinity.obj
 0002:00000410       ptw32_processTerminate$rtcName$0 000000018000f410     ptw32_processTerminate.obj
 0002:00000410       pthread_spin_destroy$rtcName$0 000000018000f410     pthread_spin_destroy.obj
 0002:00000410       ptw32_mutex_check_need_init$rtcName$0 000000018000f410     ptw32_mutex_check_need_init.obj
 0002:00000410       ptw32_cond_check_need_init$rtcName$0 000000018000f410     ptw32_cond_check_need_init.obj
 0002:00000420       ptw32_cond_check_need_init$rtcVarDesc 000000018000f420     ptw32_cond_check_need_init.obj
 0002:00000420       pthread_spin_destroy$rtcVarDesc 000000018000f420     pthread_spin_destroy.obj
 0002:00000420       ptw32_mutex_check_need_init$rtcVarDesc 000000018000f420     ptw32_mutex_check_need_init.obj
 0002:00000420       pthread_getaffinity_np$rtcVarDesc 000000018000f420     pthread_setaffinity.obj
 0002:00000420       ptw32_processTerminate$rtcVarDesc 000000018000f420     ptw32_processTerminate.obj
 0002:00000420       pthread_barrier_destroy$rtcVarDesc 000000018000f420     pthread_barrier_destroy.obj
 0002:00000420       ptw32_rwlock_check_need_init$rtcVarDesc 000000018000f420     ptw32_rwlock_check_need_init.obj
 0002:00000420       pthread_kill$rtcVarDesc    000000018000f420     pthread_kill.obj
 0002:00000420       ptw32_spinlock_check_need_init$rtcVarDesc 000000018000f420     ptw32_spinlock_check_need_init.obj
 0002:00000420       pthread_cond_init$rtcVarDesc 000000018000f420     pthread_cond_init.obj
 0002:00000420       pthread_barrier_wait$rtcVarDesc 000000018000f420     pthread_barrier_wait.obj
 0002:00000460       pthread_barrier_destroy$rtcFrameData 000000018000f460     pthread_barrier_destroy.obj
 0002:00000460       ptw32_spinlock_check_need_init$rtcFrameData 000000018000f460     ptw32_spinlock_check_need_init.obj
 0002:00000460       pthread_getaffinity_np$rtcFrameData 000000018000f460     pthread_setaffinity.obj
 0002:00000460       ptw32_cond_check_need_init$rtcFrameData 000000018000f460     ptw32_cond_check_need_init.obj
 0002:00000460       ptw32_mutex_check_need_init$rtcFrameData 000000018000f460     ptw32_mutex_check_need_init.obj
 0002:00000460       pthread_kill$rtcFrameData  000000018000f460     pthread_kill.obj
 0002:00000460       pthread_barrier_wait$rtcFrameData 000000018000f460     pthread_barrier_wait.obj
 0002:00000460       ptw32_processTerminate$rtcFrameData 000000018000f460     ptw32_processTerminate.obj
 0002:00000460       pthread_spin_destroy$rtcFrameData 000000018000f460     pthread_spin_destroy.obj
 0002:00000460       pthread_cond_init$rtcFrameData 000000018000f460     pthread_cond_init.obj
 0002:00000460       ptw32_rwlock_check_need_init$rtcFrameData 000000018000f460     ptw32_rwlock_check_need_init.obj
 0002:00000470       pthread_cancel$rtcName$0   000000018000f470     pthread_cancel.obj
 0002:00000470       pthread_delay_np$rtcName$0 000000018000f470     pthread_delay_np.obj
 0002:00000478       pthread_delay_np$rtcName$1 000000018000f478     pthread_delay_np.obj
 0002:00000478       pthread_cancel$rtcName$1   000000018000f478     pthread_cancel.obj
 0002:00000490       pthread_delay_np$rtcVarDesc 000000018000f490     pthread_delay_np.obj
 0002:00000490       pthread_cancel$rtcVarDesc  000000018000f490     pthread_cancel.obj
 0002:00000510       pthread_cancel$rtcFrameData 000000018000f510     pthread_cancel.obj
 0002:00000510       pthread_delay_np$rtcFrameData 000000018000f510     pthread_delay_np.obj
 0002:00000520       ptw32_RegisterCancellation$rtcName$0 000000018000f520     pthread_cancel.obj
 0002:00000530       ptw32_RegisterCancellation$rtcVarDesc 000000018000f530     pthread_cancel.obj
 0002:00000570       ptw32_RegisterCancellation$rtcFrameData 000000018000f570     pthread_cancel.obj
 0002:00000580       pthread_cond_destroy$rtcName$0 000000018000f580     pthread_cond_destroy.obj
 0002:00000588       pthread_cond_destroy$rtcName$1 000000018000f588     pthread_cond_destroy.obj
 0002:00000590       pthread_cond_destroy$rtcVarDesc 000000018000f590     pthread_cond_destroy.obj
 0002:00000610       pthread_cond_destroy$rtcFrameData 000000018000f610     pthread_cond_destroy.obj
 0002:00000620       ptw32_get_errno$rtcName$0  000000018000f620     pthread_setaffinity.obj
 0002:00000620       ptw32_get_errno$rtcName$0  000000018000f620     pthread_cond_destroy.obj
 0002:00000620       ptw32_get_errno$rtcName$0  000000018000f620     pthread_cond_signal.obj
 0002:00000620       ptw32_get_errno$rtcName$0  000000018000f620     pthread_cond_wait.obj
 0002:00000620       ptw32_get_errno$rtcName$0  000000018000f620     pthread_cond_init.obj
 0002:00000630       ptw32_get_errno$rtcVarDesc 000000018000f630     pthread_cond_destroy.obj
 0002:00000630       ptw32_get_errno$rtcVarDesc 000000018000f630     pthread_cond_signal.obj
 0002:00000630       ptw32_get_errno$rtcVarDesc 000000018000f630     pthread_cond_wait.obj
 0002:00000630       ptw32_get_errno$rtcVarDesc 000000018000f630     pthread_setaffinity.obj
 0002:00000630       ptw32_get_errno$rtcVarDesc 000000018000f630     pthread_cond_init.obj
 0002:00000670       ptw32_get_errno$rtcFrameData 000000018000f670     pthread_cond_signal.obj
 0002:00000670       ptw32_get_errno$rtcFrameData 000000018000f670     pthread_setaffinity.obj
 0002:00000670       ptw32_get_errno$rtcFrameData 000000018000f670     pthread_cond_init.obj
 0002:00000670       ptw32_get_errno$rtcFrameData 000000018000f670     pthread_cond_destroy.obj
 0002:00000670       ptw32_get_errno$rtcFrameData 000000018000f670     pthread_cond_wait.obj
 0002:00000680       ptw32_cond_timedwait$rtcName$0 000000018000f680     pthread_cond_wait.obj
 0002:00000688       ptw32_cond_timedwait$rtcName$1 000000018000f688     pthread_cond_wait.obj
 0002:00000698       ptw32_cond_timedwait$rtcName$2 000000018000f698     pthread_cond_wait.obj
 0002:000006b0       ptw32_cond_timedwait$rtcVarDesc 000000018000f6b0     pthread_cond_wait.obj
 0002:00000770       ptw32_cond_timedwait$rtcFrameData 000000018000f770     pthread_cond_wait.obj
 0002:00000780       pthread_detach$rtcName$0   000000018000f780     pthread_detach.obj
 0002:00000790       pthread_detach$rtcName$1   000000018000f790     pthread_detach.obj
 0002:000007a0       pthread_detach$rtcVarDesc  000000018000f7a0     pthread_detach.obj
 0002:00000820       pthread_detach$rtcFrameData 000000018000f820     pthread_detach.obj
 0002:00000830       pthread_tryjoin_np$rtcName$0 000000018000f830     pthread_tryjoin_np.obj
 0002:00000830       pthread_timedjoin_np$rtcName$0 000000018000f830     pthread_timedjoin_np.obj
 0002:00000830       pthread_join$rtcName$0     000000018000f830     pthread_join.obj
 0002:00000838       pthread_join$rtcName$1     000000018000f838     pthread_join.obj
 0002:00000838       pthread_tryjoin_np$rtcName$1 000000018000f838     pthread_tryjoin_np.obj
 0002:00000838       pthread_timedjoin_np$rtcName$1 000000018000f838     pthread_timedjoin_np.obj
 0002:00000840       pthread_join$rtcVarDesc    000000018000f840     pthread_join.obj
 0002:00000840       pthread_tryjoin_np$rtcVarDesc 000000018000f840     pthread_tryjoin_np.obj
 0002:00000840       pthread_timedjoin_np$rtcVarDesc 000000018000f840     pthread_timedjoin_np.obj
 0002:000008c0       pthread_timedjoin_np$rtcFrameData 000000018000f8c0     pthread_timedjoin_np.obj
 0002:000008c0       pthread_tryjoin_np$rtcFrameData 000000018000f8c0     pthread_tryjoin_np.obj
 0002:000008c0       pthread_join$rtcFrameData  000000018000f8c0     pthread_join.obj
 0002:000008d0       pthread_key_delete$rtcName$0 000000018000f8d0     pthread_key_delete.obj
 0002:000008d8       pthread_key_delete$rtcName$1 000000018000f8d8     pthread_key_delete.obj
 0002:000008f0       pthread_key_delete$rtcVarDesc 000000018000f8f0     pthread_key_delete.obj
 0002:00000970       pthread_key_delete$rtcFrameData 000000018000f970     pthread_key_delete.obj
 0002:00000980       pthread_mutex_destroy$rtcName$0 000000018000f980     pthread_mutex_destroy.obj
 0002:00000984       pthread_mutex_destroy$rtcName$1 000000018000f984     pthread_mutex_destroy.obj
 0002:00000990       pthread_mutex_destroy$rtcVarDesc 000000018000f990     pthread_mutex_destroy.obj
 0002:00000a10       pthread_mutex_destroy$rtcFrameData 000000018000fa10     pthread_mutex_destroy.obj
 0002:00000a20       pthread_mutex_lock$rtcName$0 000000018000fa20     pthread_mutex_lock.obj
 0002:00000a28       pthread_mutex_lock$rtcName$1 000000018000fa28     pthread_mutex_lock.obj
 0002:00000a30       pthread_mutex_lock$rtcVarDesc 000000018000fa30     pthread_mutex_lock.obj
 0002:00000ab0       pthread_mutex_lock$rtcFrameData 000000018000fab0     pthread_mutex_lock.obj
 0002:00000ac0       pthread_mutex_timedlock$rtcName$0 000000018000fac0     pthread_mutex_timedlock.obj
 0002:00000ac8       pthread_mutex_timedlock$rtcName$1 000000018000fac8     pthread_mutex_timedlock.obj
 0002:00000ad0       pthread_mutex_timedlock$rtcName$2 000000018000fad0     pthread_mutex_timedlock.obj
 0002:00000ad8       pthread_mutex_timedlock$rtcFrameData 000000018000fad8     pthread_mutex_timedlock.obj
 0002:00000af0       pthread_mutex_timedlock$rtcVarDesc 000000018000faf0     pthread_mutex_timedlock.obj
 0002:00000bb0       pthread_mutex_trylock$rtcName$0 000000018000fbb0     pthread_mutex_trylock.obj
 0002:00000bb0       ExceptionFilter$rtcName$0  000000018000fbb0     ptw32_threadStart.obj
 0002:00000bc0       ExceptionFilter$rtcVarDesc 000000018000fbc0     ptw32_threadStart.obj
 0002:00000bc0       pthread_mutex_trylock$rtcVarDesc 000000018000fbc0     pthread_mutex_trylock.obj
 0002:00000c00       ExceptionFilter$rtcFrameData 000000018000fc00     ptw32_threadStart.obj
 0002:00000c00       pthread_mutex_trylock$rtcFrameData 000000018000fc00     pthread_mutex_trylock.obj
 0002:00000c10       pthread_mutex_unlock$rtcName$0 000000018000fc10     pthread_mutex_unlock.obj
 0002:00000c20       pthread_mutex_unlock$rtcVarDesc 000000018000fc20     pthread_mutex_unlock.obj
 0002:00000c60       pthread_mutex_unlock$rtcFrameData 000000018000fc60     pthread_mutex_unlock.obj
 0002:00000c70       pthread_num_processors_np$rtcName$0 000000018000fc70     pthread_num_processors_np.obj
 0002:00000c80       pthread_num_processors_np$rtcVarDesc 000000018000fc80     pthread_num_processors_np.obj
 0002:00000cc0       pthread_num_processors_np$rtcFrameData 000000018000fcc0     pthread_num_processors_np.obj
 0002:00000cd0       pthread_once$rtcName$0     000000018000fcd0     pthread_once.obj
 0002:00000cd8       pthread_once$rtcName$1     000000018000fcd8     pthread_once.obj
 0002:00000cf0       pthread_once$rtcVarDesc    000000018000fcf0     pthread_once.obj
 0002:00000d70       pthread_once$rtcFrameData  000000018000fd70     pthread_once.obj
[...]
 0004:000005b8       $pdata$ptw32_new           00000001800155b8     ptw32_new.obj
 0004:000005c4       $pdata$ptw32_processInitialize 00000001800155c4     ptw32_processInitialize.obj
 0004:000005d0       $pdata$ptw32_processTerminate 00000001800155d0     ptw32_processTerminate.obj
 0004:000005dc       $pdata$ptw32_relmillisecs  00000001800155dc     ptw32_relmillisecs.obj
 0004:000005e8       $pdata$ptw32_threadReusePop 00000001800155e8     ptw32_reuse.obj
 0004:000005f4       $pdata$ptw32_threadReusePush 00000001800155f4     ptw32_reuse.obj
 0004:00000600       $pdata$ptw32_rwlock_cancelwrwait 0000000180015600     ptw32_rwlock_cancelwrwait.obj
 0004:0000060c       $pdata$ptw32_rwlock_check_need_init 000000018001560c     ptw32_rwlock_check_need_init.obj
 0004:00000618       $pdata$ptw32_semwait       0000000180015618     ptw32_semwait.obj
 0004:00000624       $pdata$ptw32_spinlock_check_need_init 0000000180015624     ptw32_spinlock_check_need_init.obj
 0004:00000630       $pdata$ptw32_threadDestroy 0000000180015630     ptw32_threadDestroy.obj
 0004:0000063c       $pdata$ExceptionFilter     000000018001563c     ptw32_threadStart.obj
 0004:00000648       $pdata$ptw32_threadStart   0000000180015648     ptw32_threadStart.obj
 0004:00000654       $pdata$ptw32_throw         0000000180015654     ptw32_throw.obj
 0004:00000660       $pdata$ptw32_pop_cleanup_all 0000000180015660     ptw32_throw.obj
 0004:0000066c       $pdata$ptw32_get_exception_services_code 000000018001566c     ptw32_throw.obj
 0004:00000678       $pdata$ptw32_tkAssocCreate 0000000180015678     ptw32_tkAssocCreate.obj
 0004:00000684       $pdata$ptw32_tkAssocDestroy 0000000180015684     ptw32_tkAssocDestroy.obj
 0004:00000690       $pdata$sched_get_priority_max 0000000180015690     sched_get_priority_max.obj
 0004:0000069c       $pdata$sched_get_priority_min 000000018001569c     sched_get_priority_min.obj
 0004:000006a8       $pdata$sched_getscheduler  00000001800156a8     sched_getscheduler.obj
 0004:000006b4       $pdata$sched_setaffinity   00000001800156b4     sched_setaffinity.obj
 0004:000006c0       $pdata$sched_getaffinity   00000001800156c0     sched_setaffinity.obj
 0004:000006cc       $pdata$_sched_affinitycpucount 00000001800156cc     sched_setaffinity.obj
 0004:000006d8       $pdata$_sched_affinitycpuzero 00000001800156d8     sched_setaffinity.obj
 0004:000006e4       $pdata$_sched_affinitycpuset 00000001800156e4     sched_setaffinity.obj
 0004:000006f0       $pdata$_sched_affinitycpuclr 00000001800156f0     sched_setaffinity.obj
 0004:000006fc       $pdata$_sched_affinitycpuisset 00000001800156fc     sched_setaffinity.obj
 0004:00000708       $pdata$_sched_affinitycpuand 0000000180015708     sched_setaffinity.obj
 0004:00000714       $pdata$_sched_affinitycpuor 0000000180015714     sched_setaffinity.obj
 0004:00000720       $pdata$_sched_affinitycpuxor 0000000180015720     sched_setaffinity.obj
 0004:0000072c       $pdata$_sched_affinitycpuequal 000000018001572c     sched_setaffinity.obj
 0004:00000738       $pdata$sched_setscheduler  0000000180015738     sched_setscheduler.obj
 0004:00000744       $pdata$sched_yield         0000000180015744     sched_yield.obj
 0004:00000750       $pdata$sem_unlink          0000000180015750     sem_unlink.obj
 0004:00000750       $pdata$sem_close           0000000180015750     sem_close.obj
 0004:0000075c       $pdata$sem_destroy         000000018001575c     sem_destroy.obj
 0004:00000768       $pdata$sem_getvalue        0000000180015768     sem_getvalue.obj
 0004:00000774       $pdata$sem_init            0000000180015774     sem_init.obj
 0004:00000780       $pdata$sem_open            0000000180015780     sem_open.obj
 0004:0000078c       $pdata$sem_post            000000018001578c     sem_post.obj
 0004:00000798       $pdata$sem_post_multiple   0000000180015798     sem_post_multiple.obj
 0004:000007a4       $pdata$ptw32_sem_timedwait_cleanup 00000001800157a4     sem_timedwait.obj
 0004:000007b0       $pdata$sem_timedwait       00000001800157b0     sem_timedwait.obj
 0004:000007bc       $pdata$sem_trywait         00000001800157bc     sem_trywait.obj
 0004:000007c8       $pdata$ptw32_sem_wait_cleanup 00000001800157c8     sem_wait.obj
 0004:000007d4       $pdata$sem_wait            00000001800157d4     sem_wait.obj
 0004:000007e0       $pdata$ptw32_cancelable_wait 00000001800157e0     w32_CancelableWait.obj
 0004:000007ec       $pdata$pthreadCancelableWait 00000001800157ec     w32_CancelableWait.obj
 0004:000007f8       $pdata$pthreadCancelableTimedWait 00000001800157f8     w32_CancelableWait.obj
 0004:00000810       $pdata$?dllmain_crt_dispatch@@YAHQEAUHINSTANCE__@@KQEAX@Z 0000000180015810     MSVCRTD:dll_dllmain.obj
 0004:0000081c       $pdata$?dllmain_crt_process_attach@@YAHQEAUHINSTANCE__@@QEAX@Z 000000018001581c     MSVCRTD:dll_dllmain.obj
 0004:00000828       $pdata$?dllmain_crt_process_detach@@YAH_N@Z 0000000180015828     MSVCRTD:dll_dllmain.obj
 0004:00000834       $pdata$?dllmain_dispatch@@YAHQEAUHINSTANCE__@@KQEAX@Z 0000000180015834     MSVCRTD:dll_dllmain.obj
 0004:00000840       $pdata$?dllmain_raw@@YAHQEAUHINSTANCE__@@KQEAX@Z 0000000180015840     MSVCRTD:dll_dllmain.obj
 0004:0000084c       $pdata$_CRT_INIT           000000018001584c     MSVCRTD:dll_dllmain.obj
 0004:00000858       $pdata$_DllMainCRTStartup  0000000180015858     MSVCRTD:dll_dllmain.obj
 0004:00000864       $pdata$__raise_securityfailure 0000000180015864     MSVCRTD:gs_report.obj
 0004:00000870       $pdata$__report_gsfailure  0000000180015870     MSVCRTD:gs_report.obj
 0004:0000087c       $pdata$__report_rangecheckfailure 000000018001587c     MSVCRTD:gs_report.obj
 0004:00000888       $pdata$__report_securityfailure 0000000180015888     MSVCRTD:gs_report.obj
 0004:00000894       $pdata$__report_securityfailureEx 0000000180015894     MSVCRTD:gs_report.obj
 0004:000008a0       $pdata$capture_current_context 00000001800158a0     MSVCRTD:gs_report.obj
 0004:000008ac       $pdata$capture_previous_context 00000001800158ac     MSVCRTD:gs_report.obj
 0004:000008b8       $pdata$__get_entropy       00000001800158b8     MSVCRTD:gs_support.obj
 0004:000008c4       $pdata$__security_init_cookie 00000001800158c4     MSVCRTD:gs_support.obj
 0004:000008d0       $pdata$?__scrt_initialize_type_info@@YAXXZ 00000001800158d0     MSVCRTD:tncleanup.obj
 0004:000008dc       $pdata$?__scrt_uninitialize_type_info@@YAXXZ 00000001800158dc     MSVCRTD:tncleanup.obj
 0004:000008e8       $pdata$__scrt_initialize_default_local_stdio_options 00000001800158e8     MSVCRTD:default_local_stdio_options.obj
 0004:000008f4       $pdata$??$__crt_fast_decode_pointer@PEAP6AXXZ@@YAPEAP6AXXZQEAP6AXXZ@Z 00000001800158f4     MSVCRTD:utility.obj
 0004:00000900       $pdata$??$__crt_fast_encode_pointer@PEAP6AXXZ@@YAPEAP6AXXZQEAP6AXXZ@Z 0000000180015900     MSVCRTD:utility.obj
 0004:0000090c       $pdata$?configure_argv@__scrt_narrow_argv_policy@@SAHXZ 000000018001590c     MSVCRTD:utility.obj
 0004:00000918       $pdata$?find_pe_section@@YAPEAU_IMAGE_SECTION_HEADER@@QEAE_K@Z 0000000180015918     MSVCRTD:utility.obj
 0004:00000924       $pdata$?initialize_environment@__scrt_narrow_environment_policy@@SAHXZ 0000000180015924     MSVCRTD:utility.obj
 0004:00000930       $pdata$?is_potentially_valid_image_base@@YA_NQEAX@Z 0000000180015930     MSVCRTD:utility.obj
 0004:0000093c       $pdata$__scrt_acquire_startup_lock 000000018001593c     MSVCRTD:utility.obj
 0004:00000948       $pdata$__scrt_dllmain_after_initialize_c 0000000180015948     MSVCRTD:utility.obj
 0004:00000954       $pdata$__scrt_dllmain_before_initialize_c 0000000180015954     MSVCRTD:utility.obj
 0004:00000960       $pdata$__scrt_dllmain_crt_thread_attach 0000000180015960     MSVCRTD:utility.obj
 0004:0000096c       $pdata$__scrt_dllmain_crt_thread_detach 000000018001596c     MSVCRTD:utility.obj
 0004:00000978       $pdata$__scrt_dllmain_exception_filter 0000000180015978     MSVCRTD:utility.obj
 0004:00000984       $pdata$__scrt_dllmain_uninitialize_c 0000000180015984     MSVCRTD:utility.obj
 0004:00000990       $pdata$__scrt_dllmain_uninitialize_critical 0000000180015990     MSVCRTD:utility.obj
 0004:0000099c       $pdata$__scrt_initialize_crt 000000018001599c     MSVCRTD:utility.obj
 0004:000009a8       $pdata$__scrt_initialize_onexit_tables 00000001800159a8     MSVCRTD:utility.obj
 0004:000009b4       $pdata$__scrt_is_nonwritable_in_current_image 00000001800159b4     MSVCRTD:utility.obj
 0004:000009c0       $pdata$__scrt_release_startup_lock 00000001800159c0     MSVCRTD:utility.obj
 0004:000009cc       $pdata$__scrt_uninitialize_crt 00000001800159cc     MSVCRTD:utility.obj
 0004:000009d8       $pdata$_onexit             00000001800159d8     MSVCRTD:utility.obj
 0004:000009e4       $pdata$at_quick_exit       00000001800159e4     MSVCRTD:utility.obj
 0004:000009f0       $pdata$atexit              00000001800159f0     MSVCRTD:utility.obj
 0004:000009fc       $pdata$__scrt_fastfail     00000001800159fc     MSVCRTD:utility_desktop.obj
 0004:00000a08       $pdata$__scrt_get_show_window_mode 0000000180015a08     MSVCRTD:utility_desktop.obj
 0004:00000a14       $pdata$__scrt_initialize_mta 0000000180015a14     MSVCRTD:utility_desktop.obj
 0004:00000a20       $pdata$__scrt_is_managed_app 0000000180015a20     MSVCRTD:utility_desktop.obj
 0004:00000a2c       $pdata$__scrt_set_unhandled_exception_filter 0000000180015a2c     MSVCRTD:utility_desktop.obj
 0004:00000a38       $pdata$__scrt_unhandled_exception_filter 0000000180015a38     MSVCRTD:utility_desktop.obj
 0004:00000a44       $pdata$_RTC_Initialize     0000000180015a44     MSVCRTD:_initsect_.obj
 0004:00000a50       $pdata$_RTC_Terminate      0000000180015a50     MSVCRTD:_initsect_.obj
 0004:00000a5c       $pdata$ReadNoFence64       0000000180015a5c     MSVCRTD:guard_support.obj
 0004:00000a68       $pdata$ReadPointerNoFence  0000000180015a68     MSVCRTD:guard_support.obj
 0004:00000a74       $pdata$_guard_icall_checks_enforced 0000000180015a74     MSVCRTD:guard_support.obj
 0004:00000a80       $pdata$__isa_available_init 0000000180015a80     MSVCRTD:_cpu_disp_.obj
 0004:00000a8c       $pdata$__scrt_is_ucrt_dll_in_use 0000000180015a8c     MSVCRTD:ucrt_detection.obj
 0004:00000a98       $pdata$__GSHandlerCheck    0000000180015a98     MSVCRTD:_gshandler_.obj
 0004:00000aa4       $pdata$__GSHandlerCheckCommon 0000000180015aa4     MSVCRTD:_gshandler_.obj
 0004:00000ab0       $pdata$_RTC_AllocaHelper   0000000180015ab0     MSVCRTD:_stack_.obj
 0004:00000abc       $pdata$0$_RTC_AllocaHelper 0000000180015abc     MSVCRTD:_stack_.obj
 0004:00000ac8       $pdata$1$_RTC_AllocaHelper 0000000180015ac8     MSVCRTD:_stack_.obj
 0004:00000ad4       $pdata$_RTC_CheckStackVars 0000000180015ad4     MSVCRTD:_stack_.obj
 0004:00000ae0       $pdata$0$_RTC_CheckStackVars 0000000180015ae0     MSVCRTD:_stack_.obj
 0004:00000aec       $pdata$1$_RTC_CheckStackVars 0000000180015aec     MSVCRTD:_stack_.obj
 0004:00000af8       $pdata$_RTC_CheckStackVars2 0000000180015af8     MSVCRTD:_stack_.obj
 0004:00000b04       $pdata$1$_RTC_CheckStackVars2 0000000180015b04     MSVCRTD:_stack_.obj
 0004:00000b10       $pdata$2$_RTC_CheckStackVars2 0000000180015b10     MSVCRTD:_stack_.obj
 0004:00000b1c       $pdata$3$_RTC_CheckStackVars2 0000000180015b1c     MSVCRTD:_stack_.obj
 0004:00000b28       $pdata$4$_RTC_CheckStackVars2 0000000180015b28     MSVCRTD:_stack_.obj
 0004:00000b34       $pdata$5$_RTC_CheckStackVars2 0000000180015b34     MSVCRTD:_stack_.obj
 0004:00000b40       $pdata$6$_RTC_CheckStackVars2 0000000180015b40     MSVCRTD:_stack_.obj
 0004:00000b4c       $pdata$__GSHandlerCheck_SEH 0000000180015b4c     MSVCRTD:_gshandlerseh_.obj
 0004:00000b58       $pdata$?DebuggerProbe@@YA_NK@Z 0000000180015b58     MSVCRTD:_error_.obj
 0004:00000b64       $pdata$?DebuggerRuntime@@YA_NKHPEAXPEB_W@Z 0000000180015b64     MSVCRTD:_error_.obj
 0004:00000b70       $pdata$?_RTC_AllocaFailure@@YAXPEAXPEAU_RTC_ALLOCA_NODE@@H@Z 0000000180015b70     MSVCRTD:_error_.obj
 0004:00000b7c       $pdata$0$?_RTC_AllocaFailure@@YAXPEAXPEAU_RTC_ALLOCA_NODE@@H@Z 0000000180015b7c     MSVCRTD:_error_.obj
 0004:00000b88       $pdata$1$?_RTC_AllocaFailure@@YAXPEAXPEAU_RTC_ALLOCA_NODE@@H@Z 0000000180015b88     MSVCRTD:_error_.obj
 0004:00000b94       $pdata$?_RTC_StackFailure@@YAXPEAXPEBD@Z 0000000180015b94     MSVCRTD:_error_.obj
 0004:00000ba0       $pdata$?_getMemBlockDataString@@YAXPEAD0PEBD_K@Z 0000000180015ba0     MSVCRTD:_error_.obj
 0004:00000bac       $pdata$3$?_getMemBlockDataString@@YAXPEAD0PEBD_K@Z 0000000180015bac     MSVCRTD:_error_.obj
 0004:00000bb8       $pdata$4$?_getMemBlockDataString@@YAXPEAD0PEBD_K@Z 0000000180015bb8     MSVCRTD:_error_.obj
 0004:00000bc4       $pdata$?failwithmessage@@YAXPEAXHHPEBD@Z 0000000180015bc4     MSVCRTD:_error_.obj
 0004:00000bd0       $pdata$?notify_debugger@@YAXAEBUtagEXCEPTION_VISUALCPP_DEBUG_INFO@@@Z 0000000180015bd0     MSVCRTD:_error_.obj
 0004:00000bdc       $pdata$_RTC_UninitUse      0000000180015bdc     MSVCRTD:_error_.obj
 0004:00000be8       $pdata$_vsprintf_s_l       0000000180015be8     MSVCRTD:_error_.obj
 0004:00000bf4       $pdata$sprintf_s           0000000180015bf4     MSVCRTD:_error_.obj
 0004:00000c00       $pdata$?GetPdbDll@@YAPEAUHINSTANCE__@@XZ 0000000180015c00     MSVCRTD:_pdblkup_.obj
 0004:00000c0c       $pdata$?GetPdbDllFromInstallPath@@YAPEAUHINSTANCE__@@XZ 0000000180015c0c     MSVCRTD:_pdblkup_.obj
 0004:00000c18       $pdata$?GetPdbDllPathFromFilePath@@YAHPEB_WPEA_W_K@Z 0000000180015c18     MSVCRTD:_pdblkup_.obj
 0004:00000c24       $pdata$?_RTC_GetSrcLine@@YAHPEAEPEA_WKPEAH1K@Z 0000000180015c24     MSVCRTD:_pdblkup_.obj
 0004:00000c3c       $pdata$ptw32_cond_timedwait$fin$0 0000000180015c3c     pthread_cond_wait.obj
 0004:00000c48       $pdata$pthread_once$fin$0  0000000180015c48     pthread_once.obj
 0004:00000c54       $pdata$pthread_rwlock_timedwrlock$fin$0 0000000180015c54     pthread_rwlock_timedwrlock.obj
 0004:00000c54       $pdata$pthread_rwlock_wrlock$fin$0 0000000180015c54     pthread_rwlock_wrlock.obj
 0004:00000c60       $pdata$ptw32_threadStart$filt$0 0000000180015c60     ptw32_threadStart.obj
 0004:00000c6c       $pdata$sem_timedwait$fin$0 0000000180015c6c     sem_timedwait.obj
 0004:00000c78       $pdata$sem_wait$fin$0      0000000180015c78     sem_wait.obj
 0004:00000c84       $pdata$?fin$0@?0??dllmain_crt_process_attach@@YAHQEAUHINSTANCE__@@QEAX@Z@4HA 0000000180015c84     MSVCRTD:dll_dllmain.obj
 0004:00000c90       $pdata$?fin$0@?0??dllmain_crt_process_detach@@YAH_N@Z@4HA 0000000180015c90     MSVCRTD:dll_dllmain.obj
 0004:00000c9c       $pdata$?filt$0@?0??dllmain_dispatch@@YAHQEAUHINSTANCE__@@KQEAX@Z@4HA 0000000180015c9c     MSVCRTD:dll_dllmain.obj
 0004:00000ca8       $pdata$__scrt_is_nonwritable_in_current_image$filt$0 0000000180015ca8     MSVCRTD:utility.obj
 0004:00000cb4       $pdata$?filt$0@?0??notify_debugger@@YAXAEBUtagEXCEPTION_VISUALCPP_DEBUG_INFO@@@Z@4HA 0000000180015cb4     MSVCRTD:_error_.obj
 0005:000000a0       $R000000                   00000001800160a0     version.res
 0005:00000460       $R0003C0                   0000000180016460     version.res

 Exports

  ordinal    name

        1    _sched_affinitycpuand
        2    _sched_affinitycpuclr
        3    _sched_affinitycpucount
        4    _sched_affinitycpuequal
        5    _sched_affinitycpuisset
        6    _sched_affinitycpuor
        7    _sched_affinitycpuset
        8    _sched_affinitycpuxor
        9    _sched_affinitycpuzero
       10    pthreadCancelableTimedWait
       11    pthreadCancelableWait
       12    pthread_attr_destroy
       13    pthread_attr_getdetachstate
       14    pthread_attr_getinheritsched
       15    pthread_attr_getschedparam
       16    pthread_attr_getschedpolicy
       17    pthread_attr_getscope
       18    pthread_attr_getstackaddr
       19    pthread_attr_getstacksize
       20    pthread_attr_init
       21    pthread_attr_setdetachstate
       22    pthread_attr_setinheritsched
       23    pthread_attr_setschedparam
       24    pthread_attr_setschedpolicy
       25    pthread_attr_setscope
       26    pthread_attr_setstackaddr
       27    pthread_attr_setstacksize
       28    pthread_barrier_destroy
       29    pthread_barrier_init
       30    pthread_barrier_wait
       31    pthread_barrierattr_destroy
       32    pthread_barrierattr_getpshared
       33    pthread_barrierattr_init
       34    pthread_barrierattr_setpshared
       35    pthread_cancel
       36    pthread_cond_broadcast
       37    pthread_cond_destroy
       38    pthread_cond_init
       39    pthread_cond_signal
       40    pthread_cond_timedwait
       41    pthread_cond_wait
       42    pthread_condattr_destroy
       43    pthread_condattr_getpshared
       44    pthread_condattr_init
       45    pthread_condattr_setpshared
       46    pthread_create
       47    pthread_delay_np
       48    pthread_detach
       49    pthread_equal
       50    pthread_exit
       51    pthread_getaffinity_np
       52    pthread_getconcurrency
       53    pthread_getschedparam
       54    pthread_getspecific
       55    pthread_getunique_np
       56    pthread_getw32threadhandle_np
       57    pthread_getw32threadid_np
       58    pthread_join
       59    pthread_key_create
       60    pthread_key_delete
       61    pthread_kill
       62    pthread_mutex_consistent
       63    pthread_mutex_destroy
       64    pthread_mutex_init
       65    pthread_mutex_lock
       66    pthread_mutex_timedlock
       67    pthread_mutex_trylock
       68    pthread_mutex_unlock
       69    pthread_mutexattr_destroy
       70    pthread_mutexattr_getkind_np
       71    pthread_mutexattr_getpshared
       72    pthread_mutexattr_getrobust
       73    pthread_mutexattr_gettype
       74    pthread_mutexattr_init
       75    pthread_mutexattr_setkind_np
       76    pthread_mutexattr_setpshared
       77    pthread_mutexattr_setrobust
       78    pthread_mutexattr_settype
       79    pthread_num_processors_np
       80    pthread_once
       81    pthread_rwlock_destroy
       82    pthread_rwlock_init
       83    pthread_rwlock_rdlock
       84    pthread_rwlock_timedrdlock
       85    pthread_rwlock_timedwrlock
       86    pthread_rwlock_tryrdlock
       87    pthread_rwlock_trywrlock
       88    pthread_rwlock_unlock
       89    pthread_rwlock_wrlock
       90    pthread_rwlockattr_destroy
       91    pthread_rwlockattr_getpshared
       92    pthread_rwlockattr_init
       93    pthread_rwlockattr_setpshared
       94    pthread_self
       95    pthread_setaffinity_np
       96    pthread_setcancelstate
       97    pthread_setcanceltype
       98    pthread_setconcurrency
       99    pthread_setschedparam
      100    pthread_setspecific
      101    pthread_spin_destroy
      102    pthread_spin_init
      103    pthread_spin_lock
      104    pthread_spin_trylock
      105    pthread_spin_unlock
      106    pthread_testcancel
      107    pthread_timechange_handler_np
      108    pthread_timedjoin_np
      109    pthread_tryjoin_np
      110    pthread_win32_process_attach_np
      111    pthread_win32_process_detach_np
      112    pthread_win32_test_features_np
      113    pthread_win32_thread_attach_np
      114    pthread_win32_thread_detach_np
      115    ptw32_get_exception_services_code
      116    ptw32_pop_cleanup
      117    ptw32_push_cleanup
      118    sched_get_priority_max
      119    sched_get_priority_min
      120    sched_getaffinity
      121    sched_getscheduler
      122    sched_setaffinity
      123    sched_setscheduler
      124    sched_yield
      125    sem_close
      126    sem_destroy
      127    sem_getvalue
      128    sem_init
      129    sem_open
      130    sem_post
      131    sem_post_multiple
      132    sem_timedwait
      133    sem_trywait
      134    sem_unlink
      135    sem_wait
